Archive member included to satisfy reference by file (symbol)

c:/st/stm32cubeide_1.8.0/stm32cubeide/plugins/com.st.stm32cube.ide.mcu.externaltools.gnu-tools-for-stm32.10.3-2021.10.win32_1.0.200.202301161003/tools/bin/../lib/gcc/arm-none-eabi/10.3.1/../../../../arm-none-eabi/lib/thumb/v7-m/nofp\libc_nano.a(lib_a-errno.o)
                              ./Core/Src/syscalls.o (__errno)
c:/st/stm32cubeide_1.8.0/stm32cubeide/plugins/com.st.stm32cube.ide.mcu.externaltools.gnu-tools-for-stm32.10.3-2021.10.win32_1.0.200.202301161003/tools/bin/../lib/gcc/arm-none-eabi/10.3.1/../../../../arm-none-eabi/lib/thumb/v7-m/nofp\libc_nano.a(lib_a-exit.o)
                              c:/st/stm32cubeide_1.8.0/stm32cubeide/plugins/com.st.stm32cube.ide.mcu.externaltools.gnu-tools-for-stm32.10.3-2021.10.win32_1.0.200.202301161003/tools/bin/../lib/gcc/arm-none-eabi/10.3.1/../../../../arm-none-eabi/lib/thumb/v7-m/nofp/crt0.o (exit)
c:/st/stm32cubeide_1.8.0/stm32cubeide/plugins/com.st.stm32cube.ide.mcu.externaltools.gnu-tools-for-stm32.10.3-2021.10.win32_1.0.200.202301161003/tools/bin/../lib/gcc/arm-none-eabi/10.3.1/../../../../arm-none-eabi/lib/thumb/v7-m/nofp\libc_nano.a(lib_a-impure.o)
                              c:/st/stm32cubeide_1.8.0/stm32cubeide/plugins/com.st.stm32cube.ide.mcu.externaltools.gnu-tools-for-stm32.10.3-2021.10.win32_1.0.200.202301161003/tools/bin/../lib/gcc/arm-none-eabi/10.3.1/../../../../arm-none-eabi/lib/thumb/v7-m/nofp\libc_nano.a(lib_a-exit.o) (_global_impure_ptr)
c:/st/stm32cubeide_1.8.0/stm32cubeide/plugins/com.st.stm32cube.ide.mcu.externaltools.gnu-tools-for-stm32.10.3-2021.10.win32_1.0.200.202301161003/tools/bin/../lib/gcc/arm-none-eabi/10.3.1/../../../../arm-none-eabi/lib/thumb/v7-m/nofp\libc_nano.a(lib_a-init.o)
                              c:/st/stm32cubeide_1.8.0/stm32cubeide/plugins/com.st.stm32cube.ide.mcu.externaltools.gnu-tools-for-stm32.10.3-2021.10.win32_1.0.200.202301161003/tools/bin/../lib/gcc/arm-none-eabi/10.3.1/../../../../arm-none-eabi/lib/thumb/v7-m/nofp/crt0.o (__libc_init_array)
c:/st/stm32cubeide_1.8.0/stm32cubeide/plugins/com.st.stm32cube.ide.mcu.externaltools.gnu-tools-for-stm32.10.3-2021.10.win32_1.0.200.202301161003/tools/bin/../lib/gcc/arm-none-eabi/10.3.1/../../../../arm-none-eabi/lib/thumb/v7-m/nofp\libc_nano.a(lib_a-memcpy-stub.o)
                              ./Core/Src/password_handle.o (memcpy)
c:/st/stm32cubeide_1.8.0/stm32cubeide/plugins/com.st.stm32cube.ide.mcu.externaltools.gnu-tools-for-stm32.10.3-2021.10.win32_1.0.200.202301161003/tools/bin/../lib/gcc/arm-none-eabi/10.3.1/../../../../arm-none-eabi/lib/thumb/v7-m/nofp\libc_nano.a(lib_a-memset.o)
                              c:/st/stm32cubeide_1.8.0/stm32cubeide/plugins/com.st.stm32cube.ide.mcu.externaltools.gnu-tools-for-stm32.10.3-2021.10.win32_1.0.200.202301161003/tools/bin/../lib/gcc/arm-none-eabi/10.3.1/../../../../arm-none-eabi/lib/thumb/v7-m/nofp/crt0.o (memset)
c:/st/stm32cubeide_1.8.0/stm32cubeide/plugins/com.st.stm32cube.ide.mcu.externaltools.gnu-tools-for-stm32.10.3-2021.10.win32_1.0.200.202301161003/tools/bin/../lib/gcc/arm-none-eabi/10.3.1/../../../../arm-none-eabi/lib/thumb/v7-m/nofp\libc_nano.a(lib_a-sprintf.o)
                              ./Core/Src/rfid_app.o (sprintf)
c:/st/stm32cubeide_1.8.0/stm32cubeide/plugins/com.st.stm32cube.ide.mcu.externaltools.gnu-tools-for-stm32.10.3-2021.10.win32_1.0.200.202301161003/tools/bin/../lib/gcc/arm-none-eabi/10.3.1/../../../../arm-none-eabi/lib/thumb/v7-m/nofp\libc_nano.a(lib_a-strcat.o)
                              ./Core/Src/rfid_app.o (strcat)
c:/st/stm32cubeide_1.8.0/stm32cubeide/plugins/com.st.stm32cube.ide.mcu.externaltools.gnu-tools-for-stm32.10.3-2021.10.win32_1.0.200.202301161003/tools/bin/../lib/gcc/arm-none-eabi/10.3.1/../../../../arm-none-eabi/lib/thumb/v7-m/nofp\libc_nano.a(lib_a-strcmp.o)
                              ./Core/Src/password_handle.o (strcmp)
c:/st/stm32cubeide_1.8.0/stm32cubeide/plugins/com.st.stm32cube.ide.mcu.externaltools.gnu-tools-for-stm32.10.3-2021.10.win32_1.0.200.202301161003/tools/bin/../lib/gcc/arm-none-eabi/10.3.1/../../../../arm-none-eabi/lib/thumb/v7-m/nofp\libc_nano.a(lib_a-strlen.o)
                              ./Core/Src/lcd_i2c.o (strlen)
c:/st/stm32cubeide_1.8.0/stm32cubeide/plugins/com.st.stm32cube.ide.mcu.externaltools.gnu-tools-for-stm32.10.3-2021.10.win32_1.0.200.202301161003/tools/bin/../lib/gcc/arm-none-eabi/10.3.1/../../../../arm-none-eabi/lib/thumb/v7-m/nofp\libc_nano.a(lib_a-strstr.o)
                              ./Core/Src/password_handle.o (strstr)
c:/st/stm32cubeide_1.8.0/stm32cubeide/plugins/com.st.stm32cube.ide.mcu.externaltools.gnu-tools-for-stm32.10.3-2021.10.win32_1.0.200.202301161003/tools/bin/../lib/gcc/arm-none-eabi/10.3.1/../../../../arm-none-eabi/lib/thumb/v7-m/nofp\libc_nano.a(lib_a-vsnprintf.o)
                              ./Core/Src/lcd_i2c.o (vsnprintf)
[...]
Memory Configuration

Name             Origin             Length             Attributes
RAM              0x0000000020000000 0x0000000000005000 xrw
FLASH            0x0000000008000000 0x0000000000010000 xr
*default*        0x0000000000000000 0xffffffffffffffff

Linker script and memory map

LOAD c:/st/stm32cubeide_1.8.0/stm32cubeide/plugins/com.st.stm32cube.ide.mcu.externaltools.gnu-tools-for-stm32.10.3-2021.10.win32_1.0.200.202301161003/tools/bin/../lib/gcc/arm-none-eabi/10.3.1/thumb/v7-m/nofp/crti.o
LOAD c:/st/stm32cubeide_1.8.0/stm32cubeide/plugins/com.st.stm32cube.ide.mcu.externaltools.gnu-tools-for-stm32.10.3-2021.10.win32_1.0.200.202301161003/tools/bin/../lib/gcc/arm-none-eabi/10.3.1/thumb/v7-m/nofp/crtbegin.o
LOAD c:/st/stm32cubeide_1.8.0/stm32cubeide/plugins/com.st.stm32cube.ide.mcu.externaltools.gnu-tools-for-stm32.10.3-2021.10.win32_1.0.200.202301161003/tools/bin/../lib/gcc/arm-none-eabi/10.3.1/../../../../arm-none-eabi/lib/thumb/v7-m/nofp/crt0.o
LOAD ./Core/Src/gpio.o
LOAD ./Core/Src/i2c.o
LOAD ./Core/Src/keypad.o
LOAD ./Core/Src/lcd_i2c.o
LOAD ./Core/Src/main.o
LOAD ./Core/Src/mfrc522.o
LOAD ./Core/Src/module_sim.o
LOAD ./Core/Src/password_handle.o
LOAD ./Core/Src/rfid_app.o
LOAD ./Core/Src/spi.o
LOAD ./Core/Src/stm32f1xx_hal_msp.o
LOAD ./Core/Src/stm32f1xx_it.o
LOAD ./Core/Src/syscalls.o
LOAD ./Core/Src/sysmem.o
LOAD ./Core/Src/system_stm32f1xx.o
LOAD ./Core/Src/usart.o
LOAD ./Core/Startup/startup_stm32f103c8tx.o
LOAD ./Drivers/STM32F1xx_HAL_Driver/Src/stm32f1xx_hal.o
LOAD ./Drivers/STM32F1xx_HAL_Driver/Src/stm32f1xx_hal_cortex.o
LOAD ./Drivers/STM32F1xx_HAL_Driver/Src/stm32f1xx_hal_dma.o
LOAD ./Drivers/STM32F1xx_HAL_Driver/Src/stm32f1xx_hal_exti.o
LOAD ./Drivers/STM32F1xx_HAL_Driver/Src/stm32f1xx_hal_flash.o
LOAD ./Drivers/STM32F1xx_HAL_Driver/Src/stm32f1xx_hal_flash_ex.o
LOAD ./Drivers/STM32F1xx_HAL_Driver/Src/stm32f1xx_hal_gpio.o
LOAD ./Drivers/STM32F1xx_HAL_Driver/Src/stm32f1xx_hal_gpio_ex.o
LOAD ./Drivers/STM32F1xx_HAL_Driver/Src/stm32f1xx_hal_i2c.o
LOAD ./Drivers/STM32F1xx_HAL_Driver/Src/stm32f1xx_hal_pwr.o
LOAD ./Drivers/STM32F1xx_HAL_Driver/Src/stm32f1xx_hal_rcc.o
LOAD ./Drivers/STM32F1xx_HAL_Driver/Src/stm32f1xx_hal_rcc_ex.o
LOAD ./Drivers/STM32F1xx_HAL_Driver/Src/stm32f1xx_hal_spi.o
LOAD ./Drivers/STM32F1xx_HAL_Driver/Src/stm32f1xx_hal_tim.o
LOAD ./Drivers/STM32F1xx_HAL_Driver/Src/stm32f1xx_hal_tim_ex.o
LOAD ./Drivers/STM32F1xx_HAL_Driver/Src/stm32f1xx_hal_uart.o
START GROUP
LOAD c:/st/stm32cubeide_1.8.0/stm32cubeide/plugins/com.st.stm32cube.ide.mcu.externaltools.gnu-tools-for-stm32.10.3-2021.10.win32_1.0.200.202301161003/tools/bin/../lib/gcc/arm-none-eabi/10.3.1/../../../../arm-none-eabi/lib/thumb/v7-m/nofp\libstdc++_nano.a
LOAD c:/st/stm32cubeide_1.8.0/stm32cubeide/plugins/com.st.stm32cube.ide.mcu.externaltools.gnu-tools-for-stm32.10.3-2021.10.win32_1.0.200.202301161003/tools/bin/../lib/gcc/arm-none-eabi/10.3.1/../../../../arm-none-eabi/lib/thumb/v7-m/nofp\libsupc++_nano.a
END GROUP
LOAD c:/st/stm32cubeide_1.8.0/stm32cubeide/plugins/com.st.stm32cube.ide.mcu.externaltools.gnu-tools-for-stm32.10.3-2021.10.win32_1.0.200.202301161003/tools/bin/../lib/gcc/arm-none-eabi/10.3.1/../../../../arm-none-eabi/lib/thumb/v7-m/nofp\libstdc++_nano.a
LOAD c:/st/stm32cubeide_1.8.0/stm32cubeide/plugins/com.st.stm32cube.ide.mcu.externaltools.gnu-tools-for-stm32.10.3-2021.10.win32_1.0.200.202301161003/tools/bin/../lib/gcc/arm-none-eabi/10.3.1/../../../../arm-none-eabi/lib/thumb/v7-m/nofp\libm.a
LOAD c:/st/stm32cubeide_1.8.0/stm32cubeide/plugins/com.st.stm32cube.ide.mcu.externaltools.gnu-tools-for-stm32.10.3-2021.10.win32_1.0.200.202301161003/tools/bin/../lib/gcc/arm-none-eabi/10.3.1/../../../../arm-none-eabi/lib/thumb/v7-m/nofp\libc_nano.a
START GROUP
LOAD c:/st/stm32cubeide_1.8.0/stm32cubeide/plugins/com.st.stm32cube.ide.mcu.externaltools.gnu-tools-for-stm32.10.3-2021.10.win32_1.0.200.202301161003/tools/bin/../lib/gcc/arm-none-eabi/10.3.1/thumb/v7-m/nofp\libgcc.a
LOAD c:/st/stm32cubeide_1.8.0/stm32cubeide/plugins/com.st.stm32cube.ide.mcu.externaltools.gnu-tools-for-stm32.10.3-2021.10.win32_1.0.200.202301161003/tools/bin/../lib/gcc/arm-none-eabi/10.3.1/../../../../arm-none-eabi/lib/thumb/v7-m/nofp\libc_nano.a
END GROUP
START GROUP
LOAD c:/st/stm32cubeide_1.8.0/stm32cubeide/plugins/com.st.stm32cube.ide.mcu.externaltools.gnu-tools-for-stm32.10.3-2021.10.win32_1.0.200.202301161003/tools/bin/../lib/gcc/arm-none-eabi/10.3.1/thumb/v7-m/nofp\libgcc.a
LOAD c:/st/stm32cubeide_1.8.0/stm32cubeide/plugins/com.st.stm32cube.ide.mcu.externaltools.gnu-tools-for-stm32.10.3-2021.10.win32_1.0.200.202301161003/tools/bin/../lib/gcc/arm-none-eabi/10.3.1/../../../../arm-none-eabi/lib/thumb/v7-m/nofp\libc_nano.a
END GROUP
LOAD c:/st/stm32cubeide_1.8.0/stm32cubeide/plugins/com.st.stm32cube.ide.mcu.externaltools.gnu-tools-for-stm32.10.3-2021.10.win32_1.0.200.202301161003/tools/bin/../lib/gcc/arm-none-eabi/10.3.1/thumb/v7-m/nofp/crtend.o
LOAD c:/st/stm32cubeide_1.8.0/stm32cubeide/plugins/com.st.stm32cube.ide.mcu.externaltools.gnu-tools-for-stm32.10.3-2021.10.win32_1.0.200.202301161003/tools/bin/../lib/gcc/arm-none-eabi/10.3.1/thumb/v7-m/nofp/crtn.o
                0x0000000020005000                _estack = (ORIGIN (RAM) + LENGTH (RAM))
                0x0000000000000200                _Min_Heap_Size = 0x200
                0x0000000000000400                _Min_Stack_Size = 0x400

.isr_vector     0x0000000008000000      0x10c
                0x0000000008000000                . = ALIGN (0x4)
 *(.isr_vector)
 .isr_vector    0x0000000008000000      0x10c ./Core/Startup/startup_stm32f103c8tx.o
                0x0000000008000000                g_pfnVectors
                0x000000000800010c                . = ALIGN (0x4)

.text           0x000000000800010c     0x5b88
                0x000000000800010c                . = ALIGN (0x4)
 *(.text)
 .text          0x000000000800010c       0x40 c:/st/stm32cubeide_1.8.0/stm32cubeide/plugins/com.st.stm32cube.ide.mcu.externaltools.gnu-tools-for-stm32.10.3-2021.10.win32_1.0.200.202301161003/tools/bin/../lib/gcc/arm-none-eabi/10.3.1/thumb/v7-m/nofp/crtbegin.o
 .text          0x000000000800014c       0x14 c:/st/stm32cubeide_1.8.0/stm32cubeide/plugins/com.st.stm32cube.ide.mcu.externaltools.gnu-tools-for-stm32.10.3-2021.10.win32_1.0.200.202301161003/tools/bin/../lib/gcc/arm-none-eabi/10.3.1/../../../../arm-none-eabi/lib/thumb/v7-m/nofp\libc_nano.a(lib_a-strcmp.o)
                0x000000000800014c                strcmp
 .text          0x0000000008000160       0x10 c:/st/stm32cubeide_1.8.0/stm32cubeide/plugins/com.st.stm32cube.ide.mcu.externaltools.gnu-tools-for-stm32.10.3-2021.10.win32_1.0.200.202301161003/tools/bin/../lib/gcc/arm-none-eabi/10.3.1/../../../../arm-none-eabi/lib/thumb/v7-m/nofp\libc_nano.a(lib_a-strlen.o)
                0x0000000008000160                strlen
 *(.text*)
 .text.MX_GPIO_Init
                0x0000000008000170       0xfc ./Core/Src/gpio.o
                0x0000000008000170                MX_GPIO_Init
 .text.MX_I2C1_Init
                0x000000000800026c       0x5c ./Core/Src/i2c.o
                0x000000000800026c                MX_I2C1_Init
 .text.HAL_I2C_MspInit
                0x00000000080002c8       0x7c ./Core/Src/i2c.o
                0x00000000080002c8                HAL_I2C_MspInit
 .text.read_address_key
                0x0000000008000344      0x384 ./Core/Src/keypad.o
                0x0000000008000344                read_address_key
 .text.read_key
                0x00000000080006c8       0xcc ./Core/Src/keypad.o
                0x00000000080006c8                read_key
 .text.lcd_send_cmd
                0x0000000008000794       0x64 ./Core/Src/lcd_i2c.o
                0x0000000008000794                lcd_send_cmd
 .text.lcd_send_data
                0x00000000080007f8       0x60 ./Core/Src/lcd_i2c.o
                0x00000000080007f8                lcd_send_data
 .text.lcd_init
                0x0000000008000858       0x5c ./Core/Src/lcd_i2c.o
                0x0000000008000858                lcd_init
 .text.lcd_send_string
                0x00000000080008b4       0x2a ./Core/Src/lcd_i2c.o
                0x00000000080008b4                lcd_send_string
 .text.lcd_clear
                0x00000000080008de       0x14 ./Core/Src/lcd_i2c.o
                0x00000000080008de                lcd_clear
 .text.lcd_goto_XY
                0x00000000080008f2       0x78 ./Core/Src/lcd_i2c.o
                0x00000000080008f2                lcd_goto_XY
 .text.lcd_string
                0x000000000800096a       0x2c ./Core/Src/lcd_i2c.o
                0x000000000800096a                lcd_string
 .text.lcd_char
                0x0000000008000996       0x2e ./Core/Src/lcd_i2c.o
                0x0000000008000996                lcd_char
 .text.HAL_UART_RxCpltCallback
                0x00000000080009c4       0xfc ./Core/Src/main.o
                0x00000000080009c4                HAL_UART_RxCpltCallback
 .text.main     0x0000000008000ac0      0x110 ./Core/Src/main.o
                0x0000000008000ac0                main
 .text.SystemClock_Config
                0x0000000008000bd0       0x8a ./Core/Src/main.o
                0x0000000008000bd0                SystemClock_Config
 .text.Error_Handler
                0x0000000008000c5a        0xa ./Core/Src/main.o
                0x0000000008000c5a                Error_Handler
 .text.SPI1SendByte
                0x0000000008000c64       0x30 ./Core/Src/mfrc522.o
                0x0000000008000c64                SPI1SendByte
 .text.SPI1_WriteReg
                0x0000000008000c94       0x40 ./Core/Src/mfrc522.o
                0x0000000008000c94                SPI1_WriteReg
 .text.SPI1_ReadReg
                0x0000000008000cd4       0x40 ./Core/Src/mfrc522.o
                0x0000000008000cd4                SPI1_ReadReg
 .text.MFRC522_WriteRegister
                0x0000000008000d14       0x30 ./Core/Src/mfrc522.o
                0x0000000008000d14                MFRC522_WriteRegister
 .text.MFRC522_ReadRegister
                0x0000000008000d44       0x34 ./Core/Src/mfrc522.o
                0x0000000008000d44                MFRC522_ReadRegister
 .text.MFRC522_SetBitMask
                0x0000000008000d78       0x34 ./Core/Src/mfrc522.o
                0x0000000008000d78                MFRC522_SetBitMask
 .text.MFRC522_ClearBitMask
                0x0000000008000dac       0x3c ./Core/Src/mfrc522.o
                0x0000000008000dac                MFRC522_ClearBitMask
 .text.MFRC522_Request
                0x0000000008000de8       0x4a ./Core/Src/mfrc522.o
                0x0000000008000de8                MFRC522_Request
 .text.MFRC522_ToCard
                0x0000000008000e32      0x19e ./Core/Src/mfrc522.o
                0x0000000008000e32                MFRC522_ToCard
 .text.MFRC522_Anticoll
                0x0000000008000fd0       0x7a ./Core/Src/mfrc522.o
                0x0000000008000fd0                MFRC522_Anticoll
 .text.MFRC522_Init
                0x000000000800104a       0x48 ./Core/Src/mfrc522.o
                0x000000000800104a                MFRC522_Init
 .text.MFRC522_Reset
                0x0000000008001092       0x10 ./Core/Src/mfrc522.o
                0x0000000008001092                MFRC522_Reset
 .text.MFRC522_AntennaOn
                0x00000000080010a2       0x2a ./Core/Src/mfrc522.o
                0x00000000080010a2                MFRC522_AntennaOn
 .text.sim_print
                0x00000000080010cc       0x4c ./Core/Src/module_sim.o
                0x00000000080010cc                sim_print
 .text.sim_send_sms
                0x0000000008001118       0x60 ./Core/Src/module_sim.o
                0x0000000008001118                sim_send_sms
 .text.set_key  0x0000000008001178      0x118 ./Core/Src/password_handle.o
                0x0000000008001178                set_key
 .text.man_hinh_cho
                0x0000000008001290       0xf4 ./Core/Src/password_handle.o
                0x0000000008001290                man_hinh_cho
 .text.doi_pass
                0x0000000008001384       0x2c ./Core/Src/password_handle.o
                0x0000000008001384                doi_pass
 .text.dong_cua
                0x00000000080013b0        0xc ./Core/Src/password_handle.o
                0x00000000080013b0                dong_cua
 .text.mo_cua   0x00000000080013bc       0x2c ./Core/Src/password_handle.o
                0x00000000080013bc                mo_cua
 .text.check_id
                0x00000000080013e8       0x7c ./Core/Src/password_handle.o
                0x00000000080013e8                check_id
 .text.xoa_tam  0x0000000008001464       0x34 ./Core/Src/password_handle.o
                0x0000000008001464                xoa_tam
 .text.nhap_phim
                0x0000000008001498      0x534 ./Core/Src/password_handle.o
                0x0000000008001498                nhap_phim
 .text.old_pass
                0x00000000080019cc       0x28 ./Core/Src/password_handle.o
                0x00000000080019cc                old_pass
 .text.nhap_phim_cu
                0x00000000080019f4      0x3c4 ./Core/Src/password_handle.o
                0x00000000080019f4                nhap_phim_cu
 .text.sim_manager
                0x0000000008001db8      0x190 ./Core/Src/password_handle.o
                0x0000000008001db8                sim_manager
 .text.char_to_hex
                0x0000000008001f48       0x68 ./Core/Src/rfid_app.o
                0x0000000008001f48                char_to_hex
 .text.read_rfid
                0x0000000008001fb0      0x228 ./Core/Src/rfid_app.o
                0x0000000008001fb0                read_rfid
 .text.MX_SPI1_Init
                0x00000000080021d8       0x6c ./Core/Src/spi.o
                0x00000000080021d8                MX_SPI1_Init
 .text.HAL_SPI_MspInit
                0x0000000008002244       0x94 ./Core/Src/spi.o
                0x0000000008002244                HAL_SPI_MspInit
 .text.HAL_MspInit
                0x00000000080022d8       0x64 ./Core/Src/stm32f1xx_hal_msp.o
                0x00000000080022d8                HAL_MspInit
 .text.NMI_Handler
                0x000000000800233c        0x6 ./Core/Src/stm32f1xx_it.o
                0x000000000800233c                NMI_Handler
 .text.HardFault_Handler
                0x0000000008002342        0x6 ./Core/Src/stm32f1xx_it.o
                0x0000000008002342                HardFault_Handler
 .text.MemManage_Handler
                0x0000000008002348        0x6 ./Core/Src/stm32f1xx_it.o
                0x0000000008002348                MemManage_Handler
 .text.BusFault_Handler
                0x000000000800234e        0x6 ./Core/Src/stm32f1xx_it.o
                0x000000000800234e                BusFault_Handler
 .text.UsageFault_Handler
                0x0000000008002354        0x6 ./Core/Src/stm32f1xx_it.o
                0x0000000008002354                UsageFault_Handler
 .text.SVC_Handler
                0x000000000800235a        0xc ./Core/Src/stm32f1xx_it.o
                0x000000000800235a                SVC_Handler
 .text.DebugMon_Handler
                0x0000000008002366        0xc ./Core/Src/stm32f1xx_it.o
                0x0000000008002366                DebugMon_Handler
 .text.PendSV_Handler
                0x0000000008002372        0xc ./Core/Src/stm32f1xx_it.o
                0x0000000008002372                PendSV_Handler
 .text.SysTick_Handler
                0x000000000800237e        0xc ./Core/Src/stm32f1xx_it.o
                0x000000000800237e                SysTick_Handler
 *fill*         0x000000000800238a        0x2 
 .text.USART1_IRQHandler
                0x000000000800238c       0x14 ./Core/Src/stm32f1xx_it.o
                0x000000000800238c                USART1_IRQHandler
 .text.USART2_IRQHandler
                0x00000000080023a0       0x14 ./Core/Src/stm32f1xx_it.o
                0x00000000080023a0                USART2_IRQHandler
 .text._sbrk    0x00000000080023b4       0x6c ./Core/Src/sysmem.o
                0x00000000080023b4                _sbrk
 .text.SystemInit
                0x0000000008002420        0xc ./Core/Src/system_stm32f1xx.o
                0x0000000008002420                SystemInit
 .text.MX_USART1_UART_Init
                0x000000000800242c       0x54 ./Core/Src/usart.o
                0x000000000800242c                MX_USART1_UART_Init
 .text.MX_USART2_UART_Init
                0x0000000008002480       0x54 ./Core/Src/usart.o
                0x0000000008002480                MX_USART2_UART_Init
 .text.HAL_UART_MspInit
                0x00000000080024d4      0x128 ./Core/Src/usart.o
                0x00000000080024d4                HAL_UART_MspInit
 .text.Reset_Handler
                0x00000000080025fc       0x48 ./Core/Startup/startup_stm32f103c8tx.o
                0x00000000080025fc                Reset_Handler
 .text.Default_Handler
                0x0000000008002644        0x2 ./Core/Startup/startup_stm32f103c8tx.o
                0x0000000008002644                RTC_Alarm_IRQHandler
                0x0000000008002644                EXTI2_IRQHandler
                0x0000000008002644                TIM1_CC_IRQHandler
                0x0000000008002644                PVD_IRQHandler
                0x0000000008002644                EXTI3_IRQHandler
                0x0000000008002644                EXTI0_IRQHandler
                0x0000000008002644                I2C2_EV_IRQHandler
                0x0000000008002644                ADC1_2_IRQHandler
                0x0000000008002644                SPI1_IRQHandler
                0x0000000008002644                TAMPER_IRQHandler
                0x0000000008002644                DMA1_Channel4_IRQHandler
                0x0000000008002644                USART3_IRQHandler
                0x0000000008002644                RTC_IRQHandler
                0x0000000008002644                DMA1_Channel7_IRQHandler
                0x0000000008002644                CAN1_RX1_IRQHandler
                0x0000000008002644                TIM4_IRQHandler
                0x0000000008002644                I2C1_EV_IRQHandler
                0x0000000008002644                DMA1_Channel6_IRQHandler
                0x0000000008002644                TIM3_IRQHandler
                0x0000000008002644                RCC_IRQHandler
                0x0000000008002644                TIM1_TRG_COM_IRQHandler
                0x0000000008002644                DMA1_Channel1_IRQHandler
                0x0000000008002644                Default_Handler
                0x0000000008002644                EXTI15_10_IRQHandler
                0x0000000008002644                EXTI9_5_IRQHandler
                0x0000000008002644                SPI2_IRQHandler
                0x0000000008002644                DMA1_Channel5_IRQHandler
                0x0000000008002644                EXTI4_IRQHandler
                0x0000000008002644                USB_LP_CAN1_RX0_IRQHandler
                0x0000000008002644                USB_HP_CAN1_TX_IRQHandler
                0x0000000008002644                DMA1_Channel3_IRQHandler
                0x0000000008002644                TIM1_UP_IRQHandler
                0x0000000008002644                WWDG_IRQHandler
                0x0000000008002644                TIM2_IRQHandler
                0x0000000008002644                TIM1_BRK_IRQHandler
                0x0000000008002644                EXTI1_IRQHandler
                0x0000000008002644                I2C2_ER_IRQHandler
                0x0000000008002644                DMA1_Channel2_IRQHandler
                0x0000000008002644                CAN1_SCE_IRQHandler
                0x0000000008002644                FLASH_IRQHandler
                0x0000000008002644                I2C1_ER_IRQHandler
                0x0000000008002644                USBWakeUp_IRQHandler
 *fill*         0x0000000008002646        0x2 
 .text.HAL_Init
                0x0000000008002648       0x2c ./Drivers/STM32F1xx_HAL_Driver/Src/stm32f1xx_hal.o
                0x0000000008002648                HAL_Init
 .text.HAL_InitTick
                0x0000000008002674       0x60 ./Drivers/STM32F1xx_HAL_Driver/Src/stm32f1xx_hal.o
                0x0000000008002674                HAL_InitTick
 .text.HAL_IncTick
                0x00000000080026d4       0x24 ./Drivers/STM32F1xx_HAL_Driver/Src/stm32f1xx_hal.o
                0x00000000080026d4                HAL_IncTick
 .text.HAL_GetTick
                0x00000000080026f8       0x14 ./Drivers/STM32F1xx_HAL_Driver/Src/stm32f1xx_hal.o
                0x00000000080026f8                HAL_GetTick
 .text.HAL_Delay
                0x000000000800270c       0x48 ./Drivers/STM32F1xx_HAL_Driver/Src/stm32f1xx_hal.o
                0x000000000800270c                HAL_Delay
 .text.__NVIC_SetPriorityGrouping
                0x0000000008002754       0x48 ./Drivers/STM32F1xx_HAL_Driver/Src/stm32f1xx_hal_cortex.o
 .text.__NVIC_GetPriorityGrouping
                0x000000000800279c       0x1c ./Drivers/STM32F1xx_HAL_Driver/Src/stm32f1xx_hal_cortex.o
 .text.__NVIC_EnableIRQ
                0x00000000080027b8       0x38 ./Drivers/STM32F1xx_HAL_Driver/Src/stm32f1xx_hal_cortex.o
 .text.__NVIC_SetPriority
                0x00000000080027f0       0x54 ./Drivers/STM32F1xx_HAL_Driver/Src/stm32f1xx_hal_cortex.o
 .text.NVIC_EncodePriority
                0x0000000008002844       0x64 ./Drivers/STM32F1xx_HAL_Driver/Src/stm32f1xx_hal_cortex.o
 .text.SysTick_Config
                0x00000000080028a8       0x44 ./Drivers/STM32F1xx_HAL_Driver/Src/stm32f1xx_hal_cortex.o
 .text.HAL_NVIC_SetPriorityGrouping
                0x00000000080028ec       0x16 ./Drivers/STM32F1xx_HAL_Driver/Src/stm32f1xx_hal_cortex.o
                0x00000000080028ec                HAL_NVIC_SetPriorityGrouping
 .text.HAL_NVIC_SetPriority
                0x0000000008002902       0x38 ./Drivers/STM32F1xx_HAL_Driver/Src/stm32f1xx_hal_cortex.o
                0x0000000008002902                HAL_NVIC_SetPriority
 .text.HAL_NVIC_EnableIRQ
                0x000000000800293a       0x1c ./Drivers/STM32F1xx_HAL_Driver/Src/stm32f1xx_hal_cortex.o
                0x000000000800293a                HAL_NVIC_EnableIRQ
 .text.HAL_SYSTICK_Config
                0x0000000008002956       0x18 ./Drivers/STM32F1xx_HAL_Driver/Src/stm32f1xx_hal_cortex.o
                0x0000000008002956                HAL_SYSTICK_Config
 .text.HAL_DMA_Abort
                0x000000000800296e       0x76 ./Drivers/STM32F1xx_HAL_Driver/Src/stm32f1xx_hal_dma.o
                0x000000000800296e                HAL_DMA_Abort
 .text.HAL_DMA_Abort_IT
                0x00000000080029e4       0xf0 ./Drivers/STM32F1xx_HAL_Driver/Src/stm32f1xx_hal_dma.o
                0x00000000080029e4                HAL_DMA_Abort_IT
 .text.HAL_GPIO_Init
                0x0000000008002ad4      0x308 ./Drivers/STM32F1xx_HAL_Driver/Src/stm32f1xx_hal_gpio.o
                0x0000000008002ad4                HAL_GPIO_Init
 .text.HAL_GPIO_ReadPin
                0x0000000008002ddc       0x2e ./Drivers/STM32F1xx_HAL_Driver/Src/stm32f1xx_hal_gpio.o
                0x0000000008002ddc                HAL_GPIO_ReadPin
 .text.HAL_GPIO_WritePin
                0x0000000008002e0a       0x30 ./Drivers/STM32F1xx_HAL_Driver/Src/stm32f1xx_hal_gpio.o
                0x0000000008002e0a                HAL_GPIO_WritePin
 .text.HAL_GPIO_TogglePin
                0x0000000008002e3a       0x32 ./Drivers/STM32F1xx_HAL_Driver/Src/stm32f1xx_hal_gpio.o
                0x0000000008002e3a                HAL_GPIO_TogglePin
 .text.HAL_I2C_Init
                0x0000000008002e6c      0x288 ./Drivers/STM32F1xx_HAL_Driver/Src/stm32f1xx_hal_i2c.o
                0x0000000008002e6c                HAL_I2C_Init
 .text.HAL_I2C_Master_Transmit
                0x00000000080030f4      0x1fc ./Drivers/STM32F1xx_HAL_Driver/Src/stm32f1xx_hal_i2c.o
                0x00000000080030f4                HAL_I2C_Master_Transmit
 .text.I2C_MasterRequestWrite
                0x00000000080032f0      0x104 ./Drivers/STM32F1xx_HAL_Driver/Src/stm32f1xx_hal_i2c.o
 .text.I2C_WaitOnFlagUntilTimeout
                0x00000000080033f4       0xf4 ./Drivers/STM32F1xx_HAL_Driver/Src/stm32f1xx_hal_i2c.o
 .text.I2C_WaitOnMasterAddressFlagUntilTimeout
                0x00000000080034e8      0x140 ./Drivers/STM32F1xx_HAL_Driver/Src/stm32f1xx_hal_i2c.o
 .text.I2C_WaitOnTXEFlagUntilTimeout
                0x0000000008003628       0x90 ./Drivers/STM32F1xx_HAL_Driver/Src/stm32f1xx_hal_i2c.o
 .text.I2C_WaitOnBTFFlagUntilTimeout
                0x00000000080036b8       0x90 ./Drivers/STM32F1xx_HAL_Driver/Src/stm32f1xx_hal_i2c.o
 .text.I2C_IsAcknowledgeFailed
                0x0000000008003748       0x5c ./Drivers/STM32F1xx_HAL_Driver/Src/stm32f1xx_hal_i2c.o
 .text.HAL_RCC_OscConfig
                0x00000000080037a4      0x504 ./Drivers/STM32F1xx_HAL_Driver/Src/stm32f1xx_hal_rcc.o
                0x00000000080037a4                HAL_RCC_OscConfig
 .text.HAL_RCC_ClockConfig
                0x0000000008003ca8      0x1d4 ./Drivers/STM32F1xx_HAL_Driver/Src/stm32f1xx_hal_rcc.o
                0x0000000008003ca8                HAL_RCC_ClockConfig
 .text.HAL_RCC_GetSysClockFreq
                0x0000000008003e7c       0xa8 ./Drivers/STM32F1xx_HAL_Driver/Src/stm32f1xx_hal_rcc.o
                0x0000000008003e7c                HAL_RCC_GetSysClockFreq
 .text.HAL_RCC_GetHCLKFreq
                0x0000000008003f24       0x14 ./Drivers/STM32F1xx_HAL_Driver/Src/stm32f1xx_hal_rcc.o
                0x0000000008003f24                HAL_RCC_GetHCLKFreq
 .text.HAL_RCC_GetPCLK1Freq
                0x0000000008003f38       0x28 ./Drivers/STM32F1xx_HAL_Driver/Src/stm32f1xx_hal_rcc.o
                0x0000000008003f38                HAL_RCC_GetPCLK1Freq
 .text.HAL_RCC_GetPCLK2Freq
                0x0000000008003f60       0x28 ./Drivers/STM32F1xx_HAL_Driver/Src/stm32f1xx_hal_rcc.o
                0x0000000008003f60                HAL_RCC_GetPCLK2Freq
 .text.RCC_Delay
                0x0000000008003f88       0x3c ./Drivers/STM32F1xx_HAL_Driver/Src/stm32f1xx_hal_rcc.o
 .text.HAL_SPI_Init
                0x0000000008003fc4      0x108 ./Drivers/STM32F1xx_HAL_Driver/Src/stm32f1xx_hal_spi.o
                0x0000000008003fc4                HAL_SPI_Init
 .text.HAL_SPI_TransmitReceive
                0x00000000080040cc      0x360 ./Drivers/STM32F1xx_HAL_Driver/Src/stm32f1xx_hal_spi.o
                0x00000000080040cc                HAL_SPI_TransmitReceive
 .text.SPI_WaitFlagStateUntilTimeout
                0x000000000800442c      0x110 ./Drivers/STM32F1xx_HAL_Driver/Src/stm32f1xx_hal_spi.o
 .text.SPI_EndRxTxTransaction
                0x000000000800453c       0x3c ./Drivers/STM32F1xx_HAL_Driver/Src/stm32f1xx_hal_spi.o
 .text.HAL_UART_Init
                0x0000000008004578       0xa0 ./Drivers/STM32F1xx_HAL_Driver/Src/stm32f1xx_hal_uart.o
                0x0000000008004578                HAL_UART_Init
 .text.HAL_UART_Transmit
                0x0000000008004618      0x106 ./Drivers/STM32F1xx_HAL_Driver/Src/stm32f1xx_hal_uart.o
                0x0000000008004618                HAL_UART_Transmit
 .text.HAL_UART_Receive_IT
                0x000000000800471e       0x4a ./Drivers/STM32F1xx_HAL_Driver/Src/stm32f1xx_hal_uart.o
                0x000000000800471e                HAL_UART_Receive_IT
 .text.HAL_UART_IRQHandler
                0x0000000008004768      0x524 ./Drivers/STM32F1xx_HAL_Driver/Src/stm32f1xx_hal_uart.o
                0x0000000008004768                HAL_UART_IRQHandler
 .text.HAL_UART_TxCpltCallback
                0x0000000008004c8c       0x12 ./Drivers/STM32F1xx_HAL_Driver/Src/stm32f1xx_hal_uart.o
                0x0000000008004c8c                HAL_UART_TxCpltCallback
 .text.HAL_UART_ErrorCallback
                0x0000000008004c9e       0x12 ./Drivers/STM32F1xx_HAL_Driver/Src/stm32f1xx_hal_uart.o
                0x0000000008004c9e                HAL_UART_ErrorCallback
 .text.HAL_UARTEx_RxEventCallback
                0x0000000008004cb0       0x16 ./Drivers/STM32F1xx_HAL_Driver/Src/stm32f1xx_hal_uart.o
                0x0000000008004cb0                HAL_UARTEx_RxEventCallback
 .text.UART_WaitOnFlagUntilTimeout
                0x0000000008004cc6       0xdc ./Drivers/STM32F1xx_HAL_Driver/Src/stm32f1xx_hal_uart.o
 .text.UART_Start_Receive_IT
                0x0000000008004da2       0x72 ./Drivers/STM32F1xx_HAL_Driver/Src/stm32f1xx_hal_uart.o
                0x0000000008004da2                UART_Start_Receive_IT
 .text.UART_EndRxTransfer
                0x0000000008004e14       0xc4 ./Drivers/STM32F1xx_HAL_Driver/Src/stm32f1xx_hal_uart.o
 .text.UART_DMAAbortOnError
                0x0000000008004ed8       0x28 ./Drivers/STM32F1xx_HAL_Driver/Src/stm32f1xx_hal_uart.o
 .text.UART_Transmit_IT
                0x0000000008004f00       0x9e ./Drivers/STM32F1xx_HAL_Driver/Src/stm32f1xx_hal_uart.o
 .text.UART_EndTransmit_IT
                0x0000000008004f9e       0x30 ./Drivers/STM32F1xx_HAL_Driver/Src/stm32f1xx_hal_uart.o
 .text.UART_Receive_IT
                0x0000000008004fce      0x17c ./Drivers/STM32F1xx_HAL_Driver/Src/stm32f1xx_hal_uart.o
 *fill*         0x000000000800514a        0x2 
 .text.UART_SetConfig
                0x000000000800514c      0x11c ./Drivers/STM32F1xx_HAL_Driver/Src/stm32f1xx_hal_uart.o
 .text.__errno  0x0000000008005268        0xc c:/st/stm32cubeide_1.8.0/stm32cubeide/plugins/com.st.stm32cube.ide.mcu.externaltools.gnu-tools-for-stm32.10.3-2021.10.win32_1.0.200.202301161003/tools/bin/../lib/gcc/arm-none-eabi/10.3.1/../../../../arm-none-eabi/lib/thumb/v7-m/nofp\libc_nano.a(lib_a-errno.o)
                0x0000000008005268                __errno
 .text.__libc_init_array
                0x0000000008005274       0x48 c:/st/stm32cubeide_1.8.0/stm32cubeide/plugins/com.st.stm32cube.ide.mcu.externaltools.gnu-tools-for-stm32.10.3-2021.10.win32_1.0.200.202301161003/tools/bin/../lib/gcc/arm-none-eabi/10.3.1/../../../../arm-none-eabi/lib/thumb/v7-m/nofp\libc_nano.a(lib_a-init.o)
                0x0000000008005274                __libc_init_array
 .text.memcpy   0x00000000080052bc       0x1c c:/st/stm32cubeide_1.8.0/stm32cubeide/plugins/com.st.stm32cube.ide.mcu.externaltools.gnu-tools-for-stm32.10.3-2021.10.win32_1.0.200.202301161003/tools/bin/../lib/gcc/arm-none-eabi/10.3.1/../../../../arm-none-eabi/lib/thumb/v7-m/nofp\libc_nano.a(lib_a-memcpy-stub.o)
                0x00000000080052bc                memcpy
 .text.memset   0x00000000080052d8       0x10 c:/st/stm32cubeide_1.8.0/stm32cubeide/plugins/com.st.stm32cube.ide.mcu.externaltools.gnu-tools-for-stm32.10.3-2021.10.win32_1.0.200.202301161003/tools/bin/../lib/gcc/arm-none-eabi/10.3.1/../../../../arm-none-eabi/lib/thumb/v7-m/nofp\libc_nano.a(lib_a-memset.o)
                0x00000000080052d8                memset
 .text.sprintf  0x00000000080052e8       0x40 c:/st/stm32cubeide_1.8.0/stm32cubeide/plugins/com.st.stm32cube.ide.mcu.externaltools.gnu-tools-for-stm32.10.3-2021.10.win32_1.0.200.202301161003/tools/bin/../lib/gcc/arm-none-eabi/10.3.1/../../../../arm-none-eabi/lib/thumb/v7-m/nofp\libc_nano.a(lib_a-sprintf.o)
                0x00000000080052e8                siprintf
                0x00000000080052e8                sprintf
 .text.strcat   0x0000000008005328       0x1e c:/st/stm32cubeide_1.8.0/stm32cubeide/plugins/com.st.stm32cube.ide.mcu.externaltools.gnu-tools-for-stm32.10.3-2021.10.win32_1.0.200.202301161003/tools/bin/../lib/gcc/arm-none-eabi/10.3.1/../../../../arm-none-eabi/lib/thumb/v7-m/nofp\libc_nano.a(lib_a-strcat.o)
                0x0000000008005328                strcat
 .text.strstr   0x0000000008005346       0x2c c:/st/stm32cubeide_1.8.0/stm32cubeide/plugins/com.st.stm32cube.ide.mcu.externaltools.gnu-tools-for-stm32.10.3-2021.10.win32_1.0.200.202301161003/tools/bin/../lib/gcc/arm-none-eabi/10.3.1/../../../../arm-none-eabi/lib/thumb/v7-m/nofp\libc_nano.a(lib_a-strstr.o)
                0x0000000008005346                strstr
 .text._vsnprintf_r
                0x0000000008005372       0x56 c:/st/stm32cubeide_1.8.0/stm32cubeide/plugins/com.st.stm32cube.ide.mcu.externaltools.gnu-tools-for-stm32.10.3-2021.10.win32_1.0.200.202301161003/tools/bin/../lib/gcc/arm-none-eabi/10.3.1/../../../../arm-none-eabi/lib/thumb/v7-m/nofp\libc_nano.a(lib_a-vsnprintf.o)
                0x0000000008005372                _vsniprintf_r
                0x0000000008005372                _vsnprintf_r
 .text.vsnprintf
                0x00000000080053c8       0x1c c:/st/stm32cubeide_1.8.0/stm32cubeide/plugins/com.st.stm32cube.ide.mcu.externaltools.gnu-tools-for-stm32.10.3-2021.10.win32_1.0.200.202301161003/tools/bin/../lib/gcc/arm-none-eabi/10.3.1/../../../../arm-none-eabi/lib/thumb/v7-m/nofp\libc_nano.a(lib_a-vsnprintf.o)
                0x00000000080053c8                vsniprintf
                0x00000000080053c8                vsnprintf
 .text.__ssputs_r
                0x00000000080053e4       0xb6 c:/st/stm32cubeide_1.8.0/stm32cubeide/plugins/com.st.stm32cube.ide.mcu.externaltools.gnu-tools-for-stm32.10.3-2021.10.win32_1.0.200.202301161003/tools/bin/../lib/gcc/arm-none-eabi/10.3.1/../../../../arm-none-eabi/lib/thumb/v7-m/nofp\libc_nano.a(lib_a-nano-svfprintf.o)
                0x00000000080053e4                __ssputs_r
 *fill*         0x000000000800549a        0x2 
 .text._svfprintf_r
                0x000000000800549c      0x200 c:/st/stm32cubeide_1.8.0/stm32cubeide/plugins/com.st.stm32cube.ide.mcu.externaltools.gnu-tools-for-stm32.10.3-2021.10.win32_1.0.200.202301161003/tools/bin/../lib/gcc/arm-none-eabi/10.3.1/../../../../arm-none-eabi/lib/thumb/v7-m/nofp\libc_nano.a(lib_a-nano-svfprintf.o)
                0x000000000800549c                _svfiprintf_r
                0x000000000800549c                _svfprintf_r
 .text._printf_common
                0x000000000800569c       0xde c:/st/stm32cubeide_1.8.0/stm32cubeide/plugins/com.st.stm32cube.ide.mcu.externaltools.gnu-tools-for-stm32.10.3-2021.10.win32_1.0.200.202301161003/tools/bin/../lib/gcc/arm-none-eabi/10.3.1/../../../../arm-none-eabi/lib/thumb/v7-m/nofp\libc_nano.a(lib_a-nano-vfprintf_i.o)
                0x000000000800569c                _printf_common
 *fill*         0x000000000800577a        0x2 
 .text._printf_i
                0x000000000800577c      0x24c c:/st/stm32cubeide_1.8.0/stm32cubeide/plugins/com.st.stm32cube.ide.mcu.externaltools.gnu-tools-for-stm32.10.3-2021.10.win32_1.0.200.202301161003/tools/bin/../lib/gcc/arm-none-eabi/10.3.1/../../../../arm-none-eabi/lib/thumb/v7-m/nofp\libc_nano.a(lib_a-nano-vfprintf_i.o)
                0x000000000800577c                _printf_i
 .text.memchr   0x00000000080059c8       0x1c c:/st/stm32cubeide_1.8.0/stm32cubeide/plugins/com.st.stm32cube.ide.mcu.externaltools.gnu-tools-for-stm32.10.3-2021.10.win32_1.0.200.202301161003/tools/bin/../lib/gcc/arm-none-eabi/10.3.1/../../../../arm-none-eabi/lib/thumb/v7-m/nofp\libc_nano.a(lib_a-memchr-stub.o)
                0x00000000080059c8                memchr
 .text.memmove  0x00000000080059e4       0x34 c:/st/stm32cubeide_1.8.0/stm32cubeide/plugins/com.st.stm32cube.ide.mcu.externaltools.gnu-tools-for-stm32.10.3-2021.10.win32_1.0.200.202301161003/tools/bin/../lib/gcc/arm-none-eabi/10.3.1/../../../../arm-none-eabi/lib/thumb/v7-m/nofp\libc_nano.a(lib_a-memmove.o)
                0x00000000080059e4                memmove
 .text._free_r  0x0000000008005a18       0x90 c:/st/stm32cubeide_1.8.0/stm32cubeide/plugins/com.st.stm32cube.ide.mcu.externaltools.gnu-tools-for-stm32.10.3-2021.10.win32_1.0.200.202301161003/tools/bin/../lib/gcc/arm-none-eabi/10.3.1/../../../../arm-none-eabi/lib/thumb/v7-m/nofp\libc_nano.a(lib_a-nano-freer.o)
                0x0000000008005a18                _free_r
 .text.sbrk_aligned
                0x0000000008005aa8       0x40 c:/st/stm32cubeide_1.8.0/stm32cubeide/plugins/com.st.stm32cube.ide.mcu.externaltools.gnu-tools-for-stm32.10.3-2021.10.win32_1.0.200.202301161003/tools/bin/../lib/gcc/arm-none-eabi/10.3.1/../../../../arm-none-eabi/lib/thumb/v7-m/nofp\libc_nano.a(lib_a-nano-mallocr.o)
 .text._malloc_r
                0x0000000008005ae8       0xe8 c:/st/stm32cubeide_1.8.0/stm32cubeide/plugins/com.st.stm32cube.ide.mcu.externaltools.gnu-tools-for-stm32.10.3-2021.10.win32_1.0.200.202301161003/tools/bin/../lib/gcc/arm-none-eabi/10.3.1/../../../../arm-none-eabi/lib/thumb/v7-m/nofp\libc_nano.a(lib_a-nano-mallocr.o)
                0x0000000008005ae8                _malloc_r
 .text._realloc_r
                0x0000000008005bd0       0x5e c:/st/stm32cubeide_1.8.0/stm32cubeide/plugins/com.st.stm32cube.ide.mcu.externaltools.gnu-tools-for-stm32.10.3-2021.10.win32_1.0.200.202301161003/tools/bin/../lib/gcc/arm-none-eabi/10.3.1/../../../../arm-none-eabi/lib/thumb/v7-m/nofp\libc_nano.a(lib_a-nano-reallocr.o)
                0x0000000008005bd0                _realloc_r
 *fill*         0x0000000008005c2e        0x2 
 .text._sbrk_r  0x0000000008005c30       0x20 c:/st/stm32cubeide_1.8.0/stm32cubeide/plugins/com.st.stm32cube.ide.mcu.externaltools.gnu-tools-for-stm32.10.3-2021.10.win32_1.0.200.202301161003/tools/bin/../lib/gcc/arm-none-eabi/10.3.1/../../../../arm-none-eabi/lib/thumb/v7-m/nofp\libc_nano.a(lib_a-sbrkr.o)
                0x0000000008005c30                _sbrk_r
 .text.__malloc_lock
                0x0000000008005c50        0xc c:/st/stm32cubeide_1.8.0/stm32cubeide/plugins/com.st.stm32cube.ide.mcu.externaltools.gnu-tools-for-stm32.10.3-2021.10.win32_1.0.200.202301161003/tools/bin/../lib/gcc/arm-none-eabi/10.3.1/../../../../arm-none-eabi/lib/thumb/v7-m/nofp\libc_nano.a(lib_a-mlock.o)
                0x0000000008005c50                __malloc_lock
 .text.__malloc_unlock
                0x0000000008005c5c        0xc c:/st/stm32cubeide_1.8.0/stm32cubeide/plugins/com.st.stm32cube.ide.mcu.externaltools.gnu-tools-for-stm32.10.3-2021.10.win32_1.0.200.202301161003/tools/bin/../lib/gcc/arm-none-eabi/10.3.1/../../../../arm-none-eabi/lib/thumb/v7-m/nofp\libc_nano.a(lib_a-mlock.o)
                0x0000000008005c5c                __malloc_unlock
 .text._malloc_usable_size_r
                0x0000000008005c68       0x10 c:/st/stm32cubeide_1.8.0/stm32cubeide/plugins/com.st.stm32cube.ide.mcu.externaltools.gnu-tools-for-stm32.10.3-2021.10.win32_1.0.200.202301161003/tools/bin/../lib/gcc/arm-none-eabi/10.3.1/../../../../arm-none-eabi/lib/thumb/v7-m/nofp\libc_nano.a(lib_a-nano-msizer.o)
                0x0000000008005c68                _malloc_usable_size_r
 .text.__retarget_lock_acquire_recursive
                0x0000000008005c78        0x2 c:/st/stm32cubeide_1.8.0/stm32cubeide/plugins/com.st.stm32cube.ide.mcu.externaltools.gnu-tools-for-stm32.10.3-2021.10.win32_1.0.200.202301161003/tools/bin/../lib/gcc/arm-none-eabi/10.3.1/../../../../arm-none-eabi/lib/thumb/v7-m/nofp\libc_nano.a(lib_a-lock.o)
                0x0000000008005c78                __retarget_lock_acquire_recursive
 .text.__retarget_lock_release_recursive
                0x0000000008005c7a        0x2 c:/st/stm32cubeide_1.8.0/stm32cubeide/plugins/com.st.stm32cube.ide.mcu.externaltools.gnu-tools-for-stm32.10.3-2021.10.win32_1.0.200.202301161003/tools/bin/../lib/gcc/arm-none-eabi/10.3.1/../../../../arm-none-eabi/lib/thumb/v7-m/nofp\libc_nano.a(lib_a-lock.o)
                0x0000000008005c7a                __retarget_lock_release_recursive
 *(.glue_7)
 .glue_7        0x0000000008005c7c        0x0 linker stubs
 *(.glue_7t)
 .glue_7t       0x0000000008005c7c        0x0 linker stubs
 *(.eh_frame)
 .eh_frame      0x0000000008005c7c        0x0 c:/st/stm32cubeide_1.8.0/stm32cubeide/plugins/com.st.stm32cube.ide.mcu.externaltools.gnu-tools-for-stm32.10.3-2021.10.win32_1.0.200.202301161003/tools/bin/../lib/gcc/arm-none-eabi/10.3.1/thumb/v7-m/nofp/crtbegin.o
 *(.init)
 .init          0x0000000008005c7c        0x4 c:/st/stm32cubeide_1.8.0/stm32cubeide/plugins/com.st.stm32cube.ide.mcu.externaltools.gnu-tools-for-stm32.10.3-2021.10.win32_1.0.200.202301161003/tools/bin/../lib/gcc/arm-none-eabi/10.3.1/thumb/v7-m/nofp/crti.o
                0x0000000008005c7c                _init
 .init          0x0000000008005c80        0x8 c:/st/stm32cubeide_1.8.0/stm32cubeide/plugins/com.st.stm32cube.ide.mcu.externaltools.gnu-tools-for-stm32.10.3-2021.10.win32_1.0.200.202301161003/tools/bin/../lib/gcc/arm-none-eabi/10.3.1/thumb/v7-m/nofp/crtn.o
 *(.fini)
 .fini          0x0000000008005c88        0x4 c:/st/stm32cubeide_1.8.0/stm32cubeide/plugins/com.st.stm32cube.ide.mcu.externaltools.gnu-tools-for-stm32.10.3-2021.10.win32_1.0.200.202301161003/tools/bin/../lib/gcc/arm-none-eabi/10.3.1/thumb/v7-m/nofp/crti.o
                0x0000000008005c88                _fini
 .fini          0x0000000008005c8c        0x8 c:/st/stm32cubeide_1.8.0/stm32cubeide/plugins/com.st.stm32cube.ide.mcu.externaltools.gnu-tools-for-stm32.10.3-2021.10.win32_1.0.200.202301161003/tools/bin/../lib/gcc/arm-none-eabi/10.3.1/thumb/v7-m/nofp/crtn.o
                0x0000000008005c94                . = ALIGN (0x4)
                0x0000000008005c94                _etext = .

.vfp11_veneer   0x0000000008005c94        0x0
 .vfp11_veneer  0x0000000008005c94        0x0 linker stubs

.v4_bx          0x0000000008005c94        0x0
 .v4_bx         0x0000000008005c94        0x0 linker stubs

.iplt           0x0000000008005c94        0x0
 .iplt          0x0000000008005c94        0x0 c:/st/stm32cubeide_1.8.0/stm32cubeide/plugins/com.st.stm32cube.ide.mcu.externaltools.gnu-tools-for-stm32.10.3-2021.10.win32_1.0.200.202301161003/tools/bin/../lib/gcc/arm-none-eabi/10.3.1/thumb/v7-m/nofp/crtbegin.o

.rodata         0x0000000008005c94      0x3a8
                0x0000000008005c94                . = ALIGN (0x4)
 *(.rodata)
 .rodata        0x0000000008005c94       0x48 ./Core/Src/main.o
 .rodata        0x0000000008005cdc       0x1f ./Core/Src/module_sim.o
 *fill*         0x0000000008005cfb        0x1 
 .rodata        0x0000000008005cfc      0x2c9 ./Core/Src/password_handle.o
 *fill*         0x0000000008005fc5        0x3 
 .rodata        0x0000000008005fc8       0x13 ./Core/Src/rfid_app.o
 *(.rodata*)
 *fill*         0x0000000008005fdb        0x1 
 .rodata.AHBPrescTable
                0x0000000008005fdc       0x10 ./Core/Src/system_stm32f1xx.o
                0x0000000008005fdc                AHBPrescTable
 .rodata.APBPrescTable
                0x0000000008005fec        0x8 ./Core/Src/system_stm32f1xx.o
                0x0000000008005fec                APBPrescTable
 .rodata.aPLLMULFactorTable.1
                0x0000000008005ff4       0x10 ./Drivers/STM32F1xx_HAL_Driver/Src/stm32f1xx_hal_rcc.o
 .rodata.aPredivFactorTable.0
                0x0000000008006004        0x2 ./Drivers/STM32F1xx_HAL_Driver/Src/stm32f1xx_hal_rcc.o
 .rodata._svfprintf_r.str1.1
                0x0000000008006006       0x11 c:/st/stm32cubeide_1.8.0/stm32cubeide/plugins/com.st.stm32cube.ide.mcu.externaltools.gnu-tools-for-stm32.10.3-2021.10.win32_1.0.200.202301161003/tools/bin/../lib/gcc/arm-none-eabi/10.3.1/../../../../arm-none-eabi/lib/thumb/v7-m/nofp\libc_nano.a(lib_a-nano-svfprintf.o)
 .rodata._printf_i.str1.1
                0x0000000008006017       0x22 c:/st/stm32cubeide_1.8.0/stm32cubeide/plugins/com.st.stm32cube.ide.mcu.externaltools.gnu-tools-for-stm32.10.3-2021.10.win32_1.0.200.202301161003/tools/bin/../lib/gcc/arm-none-eabi/10.3.1/../../../../arm-none-eabi/lib/thumb/v7-m/nofp\libc_nano.a(lib_a-nano-vfprintf_i.o)
                0x000000000800603c                . = ALIGN (0x4)
 *fill*         0x0000000008006039        0x3 

.rel.dyn        0x000000000800603c        0x0
 .rel.iplt      0x000000000800603c        0x0 c:/st/stm32cubeide_1.8.0/stm32cubeide/plugins/com.st.stm32cube.ide.mcu.externaltools.gnu-tools-for-stm32.10.3-2021.10.win32_1.0.200.202301161003/tools/bin/../lib/gcc/arm-none-eabi/10.3.1/thumb/v7-m/nofp/crtbegin.o

.ARM.extab      0x000000000800603c        0x0
                0x000000000800603c                . = ALIGN (0x4)
 *(.ARM.extab* .gnu.linkonce.armextab.*)
                0x000000000800603c                . = ALIGN (0x4)

.ARM            0x000000000800603c        0x0
                0x000000000800603c                . = ALIGN (0x4)
                0x000000000800603c                __exidx_start = .
 *(.ARM.exidx*)
                0x000000000800603c                __exidx_end = .
                0x000000000800603c                . = ALIGN (0x4)

.preinit_array  0x000000000800603c        0x0
                0x000000000800603c                . = ALIGN (0x4)
                0x000000000800603c                PROVIDE (__preinit_array_start = .)
 *(.preinit_array*)
                0x000000000800603c                PROVIDE (__preinit_array_end = .)
                0x000000000800603c                . = ALIGN (0x4)

.init_array     0x000000000800603c        0x4
                0x000000000800603c                . = ALIGN (0x4)
                0x000000000800603c                PROVIDE (__init_array_start = .)
 *(SORT_BY_NAME(.init_array.*))
 *(.init_array*)
 .init_array    0x000000000800603c        0x4 c:/st/stm32cubeide_1.8.0/stm32cubeide/plugins/com.st.stm32cube.ide.mcu.externaltools.gnu-tools-for-stm32.10.3-2021.10.win32_1.0.200.202301161003/tools/bin/../lib/gcc/arm-none-eabi/10.3.1/thumb/v7-m/nofp/crtbegin.o
                0x0000000008006040                PROVIDE (__init_array_end = .)
                0x0000000008006040                . = ALIGN (0x4)

.fini_array     0x0000000008006040        0x4
                0x0000000008006040                . = ALIGN (0x4)
                [!provide]                        PROVIDE (__fini_array_start = .)
 *(SORT_BY_NAME(.fini_array.*))
 *(.fini_array*)
 .fini_array    0x0000000008006040        0x4 c:/st/stm32cubeide_1.8.0/stm32cubeide/plugins/com.st.stm32cube.ide.mcu.externaltools.gnu-tools-for-stm32.10.3-2021.10.win32_1.0.200.202301161003/tools/bin/../lib/gcc/arm-none-eabi/10.3.1/thumb/v7-m/nofp/crtbegin.o
                [!provide]                        PROVIDE (__fini_array_end = .)
                0x0000000008006044                . = ALIGN (0x4)
                0x0000000008006044                _sidata = LOADADDR (.data)

.data           0x0000000020000000       0xc4 load address 0x0000000008006044
                0x0000000020000000                . = ALIGN (0x4)
                0x0000000020000000                _sdata = .
 *(.data)
 *(.data*)
 .data.rfid_code1
                0x0000000020000000       0x14 ./Core/Src/password_handle.o
                0x0000000020000000                rfid_code1
 .data.rfid_code2
                0x0000000020000014       0x14 ./Core/Src/password_handle.o
                0x0000000020000014                rfid_code2
 .data.rfid_code3
                0x0000000020000028       0x14 ./Core/Src/password_handle.o
                0x0000000020000028                rfid_code3
 .data.PASS_DEFAULT
                0x000000002000003c       0x10 ./Core/Src/password_handle.o
                0x000000002000003c                PASS_DEFAULT
 .data.memID    0x000000002000004c        0x8 ./Core/Src/rfid_app.o
                0x000000002000004c                memID
 .data.SystemCoreClock
                0x0000000020000054        0x4 ./Core/Src/system_stm32f1xx.o
                0x0000000020000054                SystemCoreClock
 .data.uwTickPrio
                0x0000000020000058        0x4 ./Drivers/STM32F1xx_HAL_Driver/Src/stm32f1xx_hal.o
                0x0000000020000058                uwTickPrio
 .data.uwTickFreq
                0x000000002000005c        0x1 ./Drivers/STM32F1xx_HAL_Driver/Src/stm32f1xx_hal.o
                0x000000002000005c                uwTickFreq
 *fill*         0x000000002000005d        0x3 
 .data._impure_ptr
                0x0000000020000060        0x4 c:/st/stm32cubeide_1.8.0/stm32cubeide/plugins/com.st.stm32cube.ide.mcu.externaltools.gnu-tools-for-stm32.10.3-2021.10.win32_1.0.200.202301161003/tools/bin/../lib/gcc/arm-none-eabi/10.3.1/../../../../arm-none-eabi/lib/thumb/v7-m/nofp\libc_nano.a(lib_a-impure.o)
                0x0000000020000060                _impure_ptr
 .data.impure_data
                0x0000000020000064       0x60 c:/st/stm32cubeide_1.8.0/stm32cubeide/plugins/com.st.stm32cube.ide.mcu.externaltools.gnu-tools-for-stm32.10.3-2021.10.win32_1.0.200.202301161003/tools/bin/../lib/gcc/arm-none-eabi/10.3.1/../../../../arm-none-eabi/lib/thumb/v7-m/nofp\libc_nano.a(lib_a-impure.o)
 *(.RamFunc)
 *(.RamFunc*)
                0x00000000200000c4                . = ALIGN (0x4)
                0x00000000200000c4                _edata = .

.igot.plt       0x00000000200000c4        0x0 load address 0x0000000008006108
 .igot.plt      0x00000000200000c4        0x0 c:/st/stm32cubeide_1.8.0/stm32cubeide/plugins/com.st.stm32cube.ide.mcu.externaltools.gnu-tools-for-stm32.10.3-2021.10.win32_1.0.200.202301161003/tools/bin/../lib/gcc/arm-none-eabi/10.3.1/thumb/v7-m/nofp/crtbegin.o
                0x00000000200000c4                . = ALIGN (0x4)

.bss            0x00000000200000c4      0x360 load address 0x0000000008006108
                0x00000000200000c4                _sbss = .
                0x00000000200000c4                __bss_start__ = _sbss
 *(.bss)
 .bss           0x00000000200000c4       0x1c c:/st/stm32cubeide_1.8.0/stm32cubeide/plugins/com.st.stm32cube.ide.mcu.externaltools.gnu-tools-for-stm32.10.3-2021.10.win32_1.0.200.202301161003/tools/bin/../lib/gcc/arm-none-eabi/10.3.1/thumb/v7-m/nofp/crtbegin.o
 *(.bss*)
 .bss.hi2c1     0x00000000200000e0       0x54 ./Core/Src/i2c.o
                0x00000000200000e0                hi2c1
 .bss.sim       0x0000000020000134       0x6a ./Core/Src/module_sim.o
                0x0000000020000134                sim
 *fill*         0x000000002000019e        0x2 
 .bss.buffer.1  0x00000000200001a0      0x100 ./Core/Src/module_sim.o
 .bss.phone_number
                0x00000000200002a0       0x14 ./Core/Src/password_handle.o
                0x00000000200002a0                phone_number
 .bss.VanTay    0x00000000200002b4        0xf ./Core/Src/password_handle.o
                0x00000000200002b4                VanTay
 .bss.simOpen   0x00000000200002c3        0x1 ./Core/Src/password_handle.o
                0x00000000200002c3                simOpen
 .bss.rfid_valid
                0x00000000200002c4        0x1 ./Core/Src/password_handle.o
                0x00000000200002c4                rfid_valid
 .bss.kp        0x00000000200002c5        0x1 ./Core/Src/password_handle.o
                0x00000000200002c5                kp
 *fill*         0x00000000200002c6        0x2 
 .bss.id        0x00000000200002c8        0x4 ./Core/Src/password_handle.o
                0x00000000200002c8                id
 .bss.tam       0x00000000200002cc       0x14 ./Core/Src/password_handle.o
                0x00000000200002cc                tam
 .bss.i         0x00000000200002e0        0x1 ./Core/Src/rfid_app.o
                0x00000000200002e0                i
 .bss.j         0x00000000200002e1        0x1 ./Core/Src/rfid_app.o
                0x00000000200002e1                j
 .bss.b         0x00000000200002e2        0x1 ./Core/Src/rfid_app.o
                0x00000000200002e2                b
 .bss.q         0x00000000200002e3        0x1 ./Core/Src/rfid_app.o
                0x00000000200002e3                q
 .bss.en        0x00000000200002e4        0x1 ./Core/Src/rfid_app.o
                0x00000000200002e4                en
 .bss.ok        0x00000000200002e5        0x1 ./Core/Src/rfid_app.o
                0x00000000200002e5                ok
 *fill*         0x00000000200002e6        0x2 
 .bss.txBuffer  0x00000000200002e8        0x8 ./Core/Src/rfid_app.o
                0x00000000200002e8                txBuffer
 .bss.retstr    0x00000000200002f0        0xa ./Core/Src/rfid_app.o
                0x00000000200002f0                retstr
 *fill*         0x00000000200002fa        0x2 
 .bss.lastID    0x00000000200002fc        0x4 ./Core/Src/rfid_app.o
                0x00000000200002fc                lastID
 .bss.str       0x0000000020000300       0x10 ./Core/Src/rfid_app.o
                0x0000000020000300                str
 .bss.rfid_code
                0x0000000020000310       0x14 ./Core/Src/rfid_app.o
                0x0000000020000310                rfid_code
 .bss.hspi1     0x0000000020000324       0x58 ./Core/Src/spi.o
                0x0000000020000324                hspi1
 .bss.__sbrk_heap_end
                0x000000002000037c        0x4 ./Core/Src/sysmem.o
 .bss.huart1    0x0000000020000380       0x48 ./Core/Src/usart.o
                0x0000000020000380                huart1
 .bss.huart2    0x00000000200003c8       0x48 ./Core/Src/usart.o
                0x00000000200003c8                huart2
 .bss.uwTick    0x0000000020000410        0x4 ./Drivers/STM32F1xx_HAL_Driver/Src/stm32f1xx_hal.o
                0x0000000020000410                uwTick
 .bss.__malloc_free_list
                0x0000000020000414        0x4 c:/st/stm32cubeide_1.8.0/stm32cubeide/plugins/com.st.stm32cube.ide.mcu.externaltools.gnu-tools-for-stm32.10.3-2021.10.win32_1.0.200.202301161003/tools/bin/../lib/gcc/arm-none-eabi/10.3.1/../../../../arm-none-eabi/lib/thumb/v7-m/nofp\libc_nano.a(lib_a-nano-mallocr.o)
                0x0000000020000414                __malloc_free_list
 .bss.__malloc_sbrk_start
                0x0000000020000418        0x4 c:/st/stm32cubeide_1.8.0/stm32cubeide/plugins/com.st.stm32cube.ide.mcu.externaltools.gnu-tools-for-stm32.10.3-2021.10.win32_1.0.200.202301161003/tools/bin/../lib/gcc/arm-none-eabi/10.3.1/../../../../arm-none-eabi/lib/thumb/v7-m/nofp\libc_nano.a(lib_a-nano-mallocr.o)
                0x0000000020000418                __malloc_sbrk_start
 .bss.errno     0x000000002000041c        0x4 c:/st/stm32cubeide_1.8.0/stm32cubeide/plugins/com.st.stm32cube.ide.mcu.externaltools.gnu-tools-for-stm32.10.3-2021.10.win32_1.0.200.202301161003/tools/bin/../lib/gcc/arm-none-eabi/10.3.1/../../../../arm-none-eabi/lib/thumb/v7-m/nofp\libc_nano.a(lib_a-reent.o)
                0x000000002000041c                errno
 .bss.__lock___malloc_recursive_mutex
                0x0000000020000420        0x1 c:/st/stm32cubeide_1.8.0/stm32cubeide/plugins/com.st.stm32cube.ide.mcu.externaltools.gnu-tools-for-stm32.10.3-2021.10.win32_1.0.200.202301161003/tools/bin/../lib/gcc/arm-none-eabi/10.3.1/../../../../arm-none-eabi/lib/thumb/v7-m/nofp\libc_nano.a(lib_a-lock.o)
                0x0000000020000420                __lock___malloc_recursive_mutex
 *(COMMON)
                0x0000000020000424                . = ALIGN (0x4)
 *fill*         0x0000000020000421        0x3 
                0x0000000020000424                _ebss = .
                0x0000000020000424                __bss_end__ = _ebss

._user_heap_stack
                0x0000000020000424      0x604 load address 0x0000000008006108
                0x0000000020000428                . = ALIGN (0x8)
 *fill*         0x0000000020000424        0x4 
                [!provide]                        PROVIDE (end = .)
                0x0000000020000428                PROVIDE (_end = .)
                0x0000000020000628                . = (. + _Min_Heap_Size)
 *fill*         0x0000000020000428      0x200 
                0x0000000020000a28                . = (. + _Min_Stack_Size)
 *fill*         0x0000000020000628      0x400 
                0x0000000020000a28                . = ALIGN (0x8)

/DISCARD/
 libc.a(*)
 libm.a(*)
 libgcc.a(*)

.ARM.attributes
                0x0000000000000000       0x29
 *(.ARM.attributes)
 .ARM.attributes
                0x0000000000000000       0x1d c:/st/stm32cubeide_1.8.0/stm32cubeide/plugins/com.st.stm32cube.ide.mcu.externaltools.gnu-tools-for-stm32.10.3-2021.10.win32_1.0.200.202301161003/tools/bin/../lib/gcc/arm-none-eabi/10.3.1/thumb/v7-m/nofp/crti.o
 .ARM.attributes
                0x000000000000001d       0x2d c:/st/stm32cubeide_1.8.0/stm32cubeide/plugins/com.st.stm32cube.ide.mcu.externaltools.gnu-tools-for-stm32.10.3-2021.10.win32_1.0.200.202301161003/tools/bin/../lib/gcc/arm-none-eabi/10.3.1/thumb/v7-m/nofp/crtbegin.o
 .ARM.attributes
                0x000000000000004a       0x2d ./Core/Src/gpio.o
 .ARM.attributes
                0x0000000000000077       0x2d ./Core/Src/i2c.o
 .ARM.attributes
                0x00000000000000a4       0x2d ./Core/Src/keypad.o
 .ARM.attributes
                0x00000000000000d1       0x2d ./Core/Src/lcd_i2c.o
 .ARM.attributes
                0x00000000000000fe       0x2d ./Core/Src/main.o
 .ARM.attributes
                0x000000000000012b       0x2d ./Core/Src/mfrc522.o
 .ARM.attributes
                0x0000000000000158       0x2d ./Core/Src/module_sim.o
 .ARM.attributes
                0x0000000000000185       0x2d ./Core/Src/password_handle.o
 .ARM.attributes
                0x00000000000001b2       0x2d ./Core/Src/rfid_app.o
 .ARM.attributes
                0x00000000000001df       0x2d ./Core/Src/spi.o
 .ARM.attributes
                0x000000000000020c       0x2d ./Core/Src/stm32f1xx_hal_msp.o
 .ARM.attributes
                0x0000000000000239       0x2d ./Core/Src/stm32f1xx_it.o
 .ARM.attributes
                0x0000000000000266       0x2d ./Core/Src/sysmem.o
 .ARM.attributes
                0x0000000000000293       0x2d ./Core/Src/system_stm32f1xx.o
 .ARM.attributes
                0x00000000000002c0       0x2d ./Core/Src/usart.o
 .ARM.attributes
                0x00000000000002ed       0x21 ./Core/Startup/startup_stm32f103c8tx.o
 .ARM.attributes
                0x000000000000030e       0x2d ./Drivers/STM32F1xx_HAL_Driver/Src/stm32f1xx_hal.o
 .ARM.attributes
                0x000000000000033b       0x2d ./Drivers/STM32F1xx_HAL_Driver/Src/stm32f1xx_hal_cortex.o
 .ARM.attributes
                0x0000000000000368       0x2d ./Drivers/STM32F1xx_HAL_Driver/Src/stm32f1xx_hal_dma.o
 .ARM.attributes
                0x0000000000000395       0x2d ./Drivers/STM32F1xx_HAL_Driver/Src/stm32f1xx_hal_gpio.o
 .ARM.attributes
                0x00000000000003c2       0x2d ./Drivers/STM32F1xx_HAL_Driver/Src/stm32f1xx_hal_i2c.o
 .ARM.attributes
                0x00000000000003ef       0x2d ./Drivers/STM32F1xx_HAL_Driver/Src/stm32f1xx_hal_rcc.o
 .ARM.attributes
                0x000000000000041c       0x2d ./Drivers/STM32F1xx_HAL_Driver/Src/stm32f1xx_hal_spi.o
 .ARM.attributes
                0x0000000000000449       0x2d ./Drivers/STM32F1xx_HAL_Driver/Src/stm32f1xx_hal_uart.o
 .ARM.attributes
                0x0000000000000476       0x2d c:/st/stm32cubeide_1.8.0/stm32cubeide/plugins/com.st.stm32cube.ide.mcu.externaltools.gnu-tools-for-stm32.10.3-2021.10.win32_1.0.200.202301161003/tools/bin/../lib/gcc/arm-none-eabi/10.3.1/../../../../arm-none-eabi/lib/thumb/v7-m/nofp\libc_nano.a(lib_a-errno.o)
 .ARM.attributes
                0x00000000000004a3       0x2d c:/st/stm32cubeide_1.8.0/stm32cubeide/plugins/com.st.stm32cube.ide.mcu.externaltools.gnu-tools-for-stm32.10.3-2021.10.win32_1.0.200.202301161003/tools/bin/../lib/gcc/arm-none-eabi/10.3.1/../../../../arm-none-eabi/lib/thumb/v7-m/nofp\libc_nano.a(lib_a-impure.o)
 .ARM.attributes
                0x00000000000004d0       0x2d c:/st/stm32cubeide_1.8.0/stm32cubeide/plugins/com.st.stm32cube.ide.mcu.externaltools.gnu-tools-for-stm32.10.3-2021.10.win32_1.0.200.202301161003/tools/bin/../lib/gcc/arm-none-eabi/10.3.1/../../../../arm-none-eabi/lib/thumb/v7-m/nofp\libc_nano.a(lib_a-init.o)
 .ARM.attributes
                0x00000000000004fd       0x2d c:/st/stm32cubeide_1.8.0/stm32cubeide/plugins/com.st.stm32cube.ide.mcu.externaltools.gnu-tools-for-stm32.10.3-2021.10.win32_1.0.200.202301161003/tools/bin/../lib/gcc/arm-none-eabi/10.3.1/../../../../arm-none-eabi/lib/thumb/v7-m/nofp\libc_nano.a(lib_a-memcpy-stub.o)
 .ARM.attributes
                0x000000000000052a       0x2d c:/st/stm32cubeide_1.8.0/stm32cubeide/plugins/com.st.stm32cube.ide.mcu.externaltools.gnu-tools-for-stm32.10.3-2021.10.win32_1.0.200.202301161003/tools/bin/../lib/gcc/arm-none-eabi/10.3.1/../../../../arm-none-eabi/lib/thumb/v7-m/nofp\libc_nano.a(lib_a-memset.o)
 .ARM.attributes
                0x0000000000000557       0x2d c:/st/stm32cubeide_1.8.0/stm32cubeide/plugins/com.st.stm32cube.ide.mcu.externaltools.gnu-tools-for-stm32.10.3-2021.10.win32_1.0.200.202301161003/tools/bin/../lib/gcc/arm-none-eabi/10.3.1/../../../../arm-none-eabi/lib/thumb/v7-m/nofp\libc_nano.a(lib_a-sprintf.o)
 .ARM.attributes
                0x0000000000000584       0x2d c:/st/stm32cubeide_1.8.0/stm32cubeide/plugins/com.st.stm32cube.ide.mcu.externaltools.gnu-tools-for-stm32.10.3-2021.10.win32_1.0.200.202301161003/tools/bin/../lib/gcc/arm-none-eabi/10.3.1/../../../../arm-none-eabi/lib/thumb/v7-m/nofp\libc_nano.a(lib_a-strcat.o)
 .ARM.attributes
                0x00000000000005b1       0x1b c:/st/stm32cubeide_1.8.0/stm32cubeide/plugins/com.st.stm32cube.ide.mcu.externaltools.gnu-tools-for-stm32.10.3-2021.10.win32_1.0.200.202301161003/tools/bin/../lib/gcc/arm-none-eabi/10.3.1/../../../../arm-none-eabi/lib/thumb/v7-m/nofp\libc_nano.a(lib_a-strcmp.o)
 .ARM.attributes
                0x00000000000005cc       0x17 c:/st/stm32cubeide_1.8.0/stm32cubeide/plugins/com.st.stm32cube.ide.mcu.externaltools.gnu-tools-for-stm32.10.3-2021.10.win32_1.0.200.202301161003/tools/bin/../lib/gcc/arm-none-eabi/10.3.1/../../../../arm-none-eabi/lib/thumb/v7-m/nofp\libc_nano.a(lib_a-strlen.o)
 .ARM.attributes
                0x00000000000005e3       0x2d c:/st/stm32cubeide_1.8.0/stm32cubeide/plugins/com.st.stm32cube.ide.mcu.externaltools.gnu-tools-for-stm32.10.3-2021.10.win32_1.0.200.202301161003/tools/bin/../lib/gcc/arm-none-eabi/10.3.1/../../../../arm-none-eabi/lib/thumb/v7-m/nofp\libc_nano.a(lib_a-strstr.o)
 .ARM.attributes
                0x0000000000000610       0x2d c:/st/stm32cubeide_1.8.0/stm32cubeide/plugins/com.st.stm32cube.ide.mcu.externaltools.gnu-tools-for-stm32.10.3-2021.10.win32_1.0.200.202301161003/tools/bin/../lib/gcc/arm-none-eabi/10.3.1/../../../../arm-none-eabi/lib/thumb/v7-m/nofp\libc_nano.a(lib_a-vsnprintf.o)
 .ARM.attributes
                0x000000000000063d       0x2d c:/st/stm32cubeide_1.8.0/stm32cubeide/plugins/com.st.stm32cube.ide.mcu.externaltools.gnu-tools-for-stm32.10.3-2021.10.win32_1.0.200.202301161003/tools/bin/../lib/gcc/arm-none-eabi/10.3.1/../../../../arm-none-eabi/lib/thumb/v7-m/nofp\libc_nano.a(lib_a-nano-svfprintf.o)
 .ARM.attributes
                0x000000000000066a       0x2d c:/st/stm32cubeide_1.8.0/stm32cubeide/plugins/com.st.stm32cube.ide.mcu.externaltools.gnu-tools-for-stm32.10.3-2021.10.win32_1.0.200.202301161003/tools/bin/../lib/gcc/arm-none-eabi/10.3.1/../../../../arm-none-eabi/lib/thumb/v7-m/nofp\libc_nano.a(lib_a-nano-vfprintf_i.o)
 .ARM.attributes
                0x0000000000000697       0x2d c:/st/stm32cubeide_1.8.0/stm32cubeide/plugins/com.st.stm32cube.ide.mcu.externaltools.gnu-tools-for-stm32.10.3-2021.10.win32_1.0.200.202301161003/tools/bin/../lib/gcc/arm-none-eabi/10.3.1/../../../../arm-none-eabi/lib/thumb/v7-m/nofp\libc_nano.a(lib_a-memchr-stub.o)
 .ARM.attributes
                0x00000000000006c4       0x2d c:/st/stm32cubeide_1.8.0/stm32cubeide/plugins/com.st.stm32cube.ide.mcu.externaltools.gnu-tools-for-stm32.10.3-2021.10.win32_1.0.200.202301161003/tools/bin/../lib/gcc/arm-none-eabi/10.3.1/../../../../arm-none-eabi/lib/thumb/v7-m/nofp\libc_nano.a(lib_a-memmove.o)
 .ARM.attributes
                0x00000000000006f1       0x2d c:/st/stm32cubeide_1.8.0/stm32cubeide/plugins/com.st.stm32cube.ide.mcu.externaltools.gnu-tools-for-stm32.10.3-2021.10.win32_1.0.200.202301161003/tools/bin/../lib/gcc/arm-none-eabi/10.3.1/../../../../arm-none-eabi/lib/thumb/v7-m/nofp\libc_nano.a(lib_a-nano-freer.o)
 .ARM.attributes
                0x000000000000071e       0x2d c:/st/stm32cubeide_1.8.0/stm32cubeide/plugins/com.st.stm32cube.ide.mcu.externaltools.gnu-tools-for-stm32.10.3-2021.10.win32_1.0.200.202301161003/tools/bin/../lib/gcc/arm-none-eabi/10.3.1/../../../../arm-none-eabi/lib/thumb/v7-m/nofp\libc_nano.a(lib_a-nano-mallocr.o)
 .ARM.attributes
                0x000000000000074b       0x2d c:/st/stm32cubeide_1.8.0/stm32cubeide/plugins/com.st.stm32cube.ide.mcu.externaltools.gnu-tools-for-stm32.10.3-2021.10.win32_1.0.200.202301161003/tools/bin/../lib/gcc/arm-none-eabi/10.3.1/../../../../arm-none-eabi/lib/thumb/v7-m/nofp\libc_nano.a(lib_a-nano-reallocr.o)
 .ARM.attributes
                0x0000000000000778       0x2d c:/st/stm32cubeide_1.8.0/stm32cubeide/plugins/com.st.stm32cube.ide.mcu.externaltools.gnu-tools-for-stm32.10.3-2021.10.win32_1.0.200.202301161003/tools/bin/../lib/gcc/arm-none-eabi/10.3.1/../../../../arm-none-eabi/lib/thumb/v7-m/nofp\libc_nano.a(lib_a-sbrkr.o)
 .ARM.attributes
                0x00000000000007a5       0x2d c:/st/stm32cubeide_1.8.0/stm32cubeide/plugins/com.st.stm32cube.ide.mcu.externaltools.gnu-tools-for-stm32.10.3-2021.10.win32_1.0.200.202301161003/tools/bin/../lib/gcc/arm-none-eabi/10.3.1/../../../../arm-none-eabi/lib/thumb/v7-m/nofp\libc_nano.a(lib_a-mlock.o)
 .ARM.attributes
                0x00000000000007d2       0x2d c:/st/stm32cubeide_1.8.0/stm32cubeide/plugins/com.st.stm32cube.ide.mcu.externaltools.gnu-tools-for-stm32.10.3-2021.10.win32_1.0.200.202301161003/tools/bin/../lib/gcc/arm-none-eabi/10.3.1/../../../../arm-none-eabi/lib/thumb/v7-m/nofp\libc_nano.a(lib_a-nano-msizer.o)
 .ARM.attributes
                0x00000000000007ff       0x2d c:/st/stm32cubeide_1.8.0/stm32cubeide/plugins/com.st.stm32cube.ide.mcu.externaltools.gnu-tools-for-stm32.10.3-2021.10.win32_1.0.200.202301161003/tools/bin/../lib/gcc/arm-none-eabi/10.3.1/../../../../arm-none-eabi/lib/thumb/v7-m/nofp\libc_nano.a(lib_a-reent.o)
 .ARM.attributes
                0x000000000000082c       0x2d c:/st/stm32cubeide_1.8.0/stm32cubeide/plugins/com.st.stm32cube.ide.mcu.externaltools.gnu-tools-for-stm32.10.3-2021.10.win32_1.0.200.202301161003/tools/bin/../lib/gcc/arm-none-eabi/10.3.1/../../../../arm-none-eabi/lib/thumb/v7-m/nofp\libc_nano.a(lib_a-lock.o)
 .ARM.attributes
                0x0000000000000859       0x1d c:/st/stm32cubeide_1.8.0/stm32cubeide/plugins/com.st.stm32cube.ide.mcu.externaltools.gnu-tools-for-stm32.10.3-2021.10.win32_1.0.200.202301161003/tools/bin/../lib/gcc/arm-none-eabi/10.3.1/thumb/v7-m/nofp/crtn.o
OUTPUT(SmartDoor.elf elf32-littlearm)
LOAD linker stubs
LOAD c:/st/stm32cubeide_1.8.0/stm32cubeide/plugins/com.st.stm32cube.ide.mcu.externaltools.gnu-tools-for-stm32.10.3-2021.10.win32_1.0.200.202301161003/tools/bin/../lib/gcc/arm-none-eabi/10.3.1/../../../../arm-none-eabi/lib/thumb/v7-m/nofp\libc.a
LOAD c:/st/stm32cubeide_1.8.0/stm32cubeide/plugins/com.st.stm32cube.ide.mcu.externaltools.gnu-tools-for-stm32.10.3-2021.10.win32_1.0.200.202301161003/tools/bin/../lib/gcc/arm-none-eabi/10.3.1/../../../../arm-none-eabi/lib/thumb/v7-m/nofp\libm.a
LOAD c:/st/stm32cubeide_1.8.0/stm32cubeide/plugins/com.st.stm32cube.ide.mcu.externaltools.gnu-tools-for-stm32.10.3-2021.10.win32_1.0.200.202301161003/tools/bin/../lib/gcc/arm-none-eabi/10.3.1/thumb/v7-m/nofp\libgcc.a

.debug_info     0x0000000000000000     0xf914
 .debug_info    0x0000000000000000      0x30b ./Core/Src/gpio.o
 .debug_info    0x000000000000030b      0x860 ./Core/Src/i2c.o
 .debug_info    0x0000000000000b6b      0x203 ./Core/Src/keypad.o
 .debug_info    0x0000000000000d6e      0x904 ./Core/Src/lcd_i2c.o
 .debug_info    0x0000000000001672      0xa8b ./Core/Src/main.o
 .debug_info    0x00000000000020fd      0xd5b ./Core/Src/mfrc522.o
 .debug_info    0x0000000000002e58      0x819 ./Core/Src/module_sim.o
 .debug_info    0x0000000000003671      0x857 ./Core/Src/password_handle.o
 .debug_info    0x0000000000003ec8      0x455 ./Core/Src/rfid_app.o
 .debug_info    0x000000000000431d      0x82f ./Core/Src/spi.o
 .debug_info    0x0000000000004b4c      0x210 ./Core/Src/stm32f1xx_hal_msp.o
 .debug_info    0x0000000000004d5c      0x65a ./Core/Src/stm32f1xx_it.o
 .debug_info    0x00000000000053b6      0x171 ./Core/Src/sysmem.o
 .debug_info    0x0000000000005527      0x23d ./Core/Src/system_stm32f1xx.o
 .debug_info    0x0000000000005764      0xa0c ./Core/Src/usart.o
 .debug_info    0x0000000000006170       0x22 ./Core/Startup/startup_stm32f103c8tx.o
 .debug_info    0x0000000000006192      0x734 ./Drivers/STM32F1xx_HAL_Driver/Src/stm32f1xx_hal.o
 .debug_info    0x00000000000068c6      0xb20 ./Drivers/STM32F1xx_HAL_Driver/Src/stm32f1xx_hal_cortex.o
 .debug_info    0x00000000000073e6      0x744 ./Drivers/STM32F1xx_HAL_Driver/Src/stm32f1xx_hal_dma.o
 .debug_info    0x0000000000007b2a      0x615 ./Drivers/STM32F1xx_HAL_Driver/Src/stm32f1xx_hal_gpio.o
 .debug_info    0x000000000000813f     0x2761 ./Drivers/STM32F1xx_HAL_Driver/Src/stm32f1xx_hal_i2c.o
 .debug_info    0x000000000000a8a0      0x865 ./Drivers/STM32F1xx_HAL_Driver/Src/stm32f1xx_hal_rcc.o
 .debug_info    0x000000000000b105     0x165d ./Drivers/STM32F1xx_HAL_Driver/Src/stm32f1xx_hal_spi.o
 .debug_info    0x000000000000c762     0x31b2 ./Drivers/STM32F1xx_HAL_Driver/Src/stm32f1xx_hal_uart.o

.debug_abbrev   0x0000000000000000     0x2da2
 .debug_abbrev  0x0000000000000000      0x134 ./Core/Src/gpio.o
 .debug_abbrev  0x0000000000000134      0x1ce ./Core/Src/i2c.o
 .debug_abbrev  0x0000000000000302      0x148 ./Core/Src/keypad.o
 .debug_abbrev  0x000000000000044a      0x210 ./Core/Src/lcd_i2c.o
 .debug_abbrev  0x000000000000065a      0x29f ./Core/Src/main.o
 .debug_abbrev  0x00000000000008f9      0x27c ./Core/Src/mfrc522.o
 .debug_abbrev  0x0000000000000b75      0x236 ./Core/Src/module_sim.o
 .debug_abbrev  0x0000000000000dab      0x32f ./Core/Src/password_handle.o
 .debug_abbrev  0x00000000000010da      0x1a7 ./Core/Src/rfid_app.o
 .debug_abbrev  0x0000000000001281      0x1ce ./Core/Src/spi.o
 .debug_abbrev  0x000000000000144f       0xd4 ./Core/Src/stm32f1xx_hal_msp.o
 .debug_abbrev  0x0000000000001523      0x166 ./Core/Src/stm32f1xx_it.o
 .debug_abbrev  0x0000000000001689       0xbb ./Core/Src/sysmem.o
 .debug_abbrev  0x0000000000001744      0x13b ./Core/Src/system_stm32f1xx.o
 .debug_abbrev  0x000000000000187f      0x1f3 ./Core/Src/usart.o
 .debug_abbrev  0x0000000000001a72       0x12 ./Core/Startup/startup_stm32f103c8tx.o
 .debug_abbrev  0x0000000000001a84      0x1fb ./Drivers/STM32F1xx_HAL_Driver/Src/stm32f1xx_hal.o
 .debug_abbrev  0x0000000000001c7f      0x2ed ./Drivers/STM32F1xx_HAL_Driver/Src/stm32f1xx_hal_cortex.o
 .debug_abbrev  0x0000000000001f6c      0x1fe ./Drivers/STM32F1xx_HAL_Driver/Src/stm32f1xx_hal_dma.o
 .debug_abbrev  0x000000000000216a      0x1bb ./Drivers/STM32F1xx_HAL_Driver/Src/stm32f1xx_hal_gpio.o
 .debug_abbrev  0x0000000000002325      0x288 ./Drivers/STM32F1xx_HAL_Driver/Src/stm32f1xx_hal_i2c.o
 .debug_abbrev  0x00000000000025ad      0x2a8 ./Drivers/STM32F1xx_HAL_Driver/Src/stm32f1xx_hal_rcc.o
 .debug_abbrev  0x0000000000002855      0x26e ./Drivers/STM32F1xx_HAL_Driver/Src/stm32f1xx_hal_spi.o
 .debug_abbrev  0x0000000000002ac3      0x2df ./Drivers/STM32F1xx_HAL_Driver/Src/stm32f1xx_hal_uart.o

.debug_aranges  0x0000000000000000      0xde0
 .debug_aranges
                0x0000000000000000       0x20 ./Core/Src/gpio.o
 .debug_aranges
                0x0000000000000020       0x30 ./Core/Src/i2c.o
 .debug_aranges
                0x0000000000000050       0x28 ./Core/Src/keypad.o
 .debug_aranges
                0x0000000000000078       0x60 ./Core/Src/lcd_i2c.o
 .debug_aranges
                0x00000000000000d8       0x38 ./Core/Src/main.o
 .debug_aranges
                0x0000000000000110       0xc8 ./Core/Src/mfrc522.o
 .debug_aranges
                0x00000000000001d8       0x30 ./Core/Src/module_sim.o
 .debug_aranges
                0x0000000000000208       0x78 ./Core/Src/password_handle.o
 .debug_aranges
                0x0000000000000280       0x30 ./Core/Src/rfid_app.o
 .debug_aranges
                0x00000000000002b0       0x30 ./Core/Src/spi.o
 .debug_aranges
                0x00000000000002e0       0x20 ./Core/Src/stm32f1xx_hal_msp.o
 .debug_aranges
                0x0000000000000300       0x70 ./Core/Src/stm32f1xx_it.o
 .debug_aranges
                0x0000000000000370       0x20 ./Core/Src/sysmem.o
 .debug_aranges
                0x0000000000000390       0x28 ./Core/Src/system_stm32f1xx.o
 .debug_aranges
                0x00000000000003b8       0x38 ./Core/Src/usart.o
 .debug_aranges
                0x00000000000003f0       0x28 ./Core/Startup/startup_stm32f103c8tx.o
 .debug_aranges
                0x0000000000000418       0xe0 ./Drivers/STM32F1xx_HAL_Driver/Src/stm32f1xx_hal.o
 .debug_aranges
                0x00000000000004f8      0x100 ./Drivers/STM32F1xx_HAL_Driver/Src/stm32f1xx_hal_cortex.o
 .debug_aranges
                0x00000000000005f8       0x80 ./Drivers/STM32F1xx_HAL_Driver/Src/stm32f1xx_hal_dma.o
 .debug_aranges
                0x0000000000000678       0x58 ./Drivers/STM32F1xx_HAL_Driver/Src/stm32f1xx_hal_gpio.o
 .debug_aranges
                0x00000000000006d0      0x2a8 ./Drivers/STM32F1xx_HAL_Driver/Src/stm32f1xx_hal_i2c.o
 .debug_aranges
                0x0000000000000978       0x90 ./Drivers/STM32F1xx_HAL_Driver/Src/stm32f1xx_hal_rcc.o
 .debug_aranges
                0x0000000000000a08      0x1d0 ./Drivers/STM32F1xx_HAL_Driver/Src/stm32f1xx_hal_spi.o
 .debug_aranges
                0x0000000000000bd8      0x208 ./Drivers/STM32F1xx_HAL_Driver/Src/stm32f1xx_hal_uart.o

.debug_ranges   0x0000000000000000      0xcb0
 .debug_ranges  0x0000000000000000       0x10 ./Core/Src/gpio.o
 .debug_ranges  0x0000000000000010       0x20 ./Core/Src/i2c.o
 .debug_ranges  0x0000000000000030       0x18 ./Core/Src/keypad.o
 .debug_ranges  0x0000000000000048       0x50 ./Core/Src/lcd_i2c.o
 .debug_ranges  0x0000000000000098       0x28 ./Core/Src/main.o
 .debug_ranges  0x00000000000000c0       0xb8 ./Core/Src/mfrc522.o
 .debug_ranges  0x0000000000000178       0x20 ./Core/Src/module_sim.o
 .debug_ranges  0x0000000000000198       0x68 ./Core/Src/password_handle.o
 .debug_ranges  0x0000000000000200       0x20 ./Core/Src/rfid_app.o
 .debug_ranges  0x0000000000000220       0x20 ./Core/Src/spi.o
 .debug_ranges  0x0000000000000240       0x10 ./Core/Src/stm32f1xx_hal_msp.o
 .debug_ranges  0x0000000000000250       0x60 ./Core/Src/stm32f1xx_it.o
 .debug_ranges  0x00000000000002b0       0x10 ./Core/Src/sysmem.o
 .debug_ranges  0x00000000000002c0       0x18 ./Core/Src/system_stm32f1xx.o
 .debug_ranges  0x00000000000002d8       0x28 ./Core/Src/usart.o
 .debug_ranges  0x0000000000000300       0x20 ./Core/Startup/startup_stm32f103c8tx.o
 .debug_ranges  0x0000000000000320       0xd0 ./Drivers/STM32F1xx_HAL_Driver/Src/stm32f1xx_hal.o
 .debug_ranges  0x00000000000003f0       0xf0 ./Drivers/STM32F1xx_HAL_Driver/Src/stm32f1xx_hal_cortex.o
 .debug_ranges  0x00000000000004e0       0x70 ./Drivers/STM32F1xx_HAL_Driver/Src/stm32f1xx_hal_dma.o
 .debug_ranges  0x0000000000000550       0x48 ./Drivers/STM32F1xx_HAL_Driver/Src/stm32f1xx_hal_gpio.o
 .debug_ranges  0x0000000000000598      0x2b0 ./Drivers/STM32F1xx_HAL_Driver/Src/stm32f1xx_hal_i2c.o
 .debug_ranges  0x0000000000000848       0x80 ./Drivers/STM32F1xx_HAL_Driver/Src/stm32f1xx_hal_rcc.o
 .debug_ranges  0x00000000000008c8      0x1c0 ./Drivers/STM32F1xx_HAL_Driver/Src/stm32f1xx_hal_spi.o
 .debug_ranges  0x0000000000000a88      0x228 ./Drivers/STM32F1xx_HAL_Driver/Src/stm32f1xx_hal_uart.o

.debug_macro    0x0000000000000000    0x198d3
 .debug_macro   0x0000000000000000      0x1bb ./Core/Src/gpio.o
 .debug_macro   0x00000000000001bb      0xa6c ./Core/Src/gpio.o
 .debug_macro   0x0000000000000c27      0x221 ./Core/Src/gpio.o
 .debug_macro   0x0000000000000e48       0x2e ./Core/Src/gpio.o
 .debug_macro   0x0000000000000e76       0x22 ./Core/Src/gpio.o
 .debug_macro   0x0000000000000e98       0x22 ./Core/Src/gpio.o
 .debug_macro   0x0000000000000eba       0x8e ./Core/Src/gpio.o
 .debug_macro   0x0000000000000f48       0x51 ./Core/Src/gpio.o
 .debug_macro   0x0000000000000f99      0x103 ./Core/Src/gpio.o
 .debug_macro   0x000000000000109c       0x6a ./Core/Src/gpio.o
 .debug_macro   0x0000000000001106      0x1df ./Core/Src/gpio.o
 .debug_macro   0x00000000000012e5       0x1c ./Core/Src/gpio.o
 .debug_macro   0x0000000000001301       0x22 ./Core/Src/gpio.o
 .debug_macro   0x0000000000001323       0xbd ./Core/Src/gpio.o
 .debug_macro   0x00000000000013e0      0xd23 ./Core/Src/gpio.o
 .debug_macro   0x0000000000002103     0xe09e ./Core/Src/gpio.o
 .debug_macro   0x00000000000101a1       0x6d ./Core/Src/gpio.o
 .debug_macro   0x000000000001020e     0x348d ./Core/Src/gpio.o
 .debug_macro   0x000000000001369b      0x174 ./Core/Src/gpio.o
 .debug_macro   0x000000000001380f       0x5c ./Core/Src/gpio.o
 .debug_macro   0x000000000001386b      0x5bc ./Core/Src/gpio.o
 .debug_macro   0x0000000000013e27      0x289 ./Core/Src/gpio.o
 .debug_macro   0x00000000000140b0      0x1cb ./Core/Src/gpio.o
 .debug_macro   0x000000000001427b      0x114 ./Core/Src/gpio.o
 .debug_macro   0x000000000001438f      0x1b2 ./Core/Src/gpio.o
 .debug_macro   0x0000000000014541       0x27 ./Core/Src/gpio.o
 .debug_macro   0x0000000000014568      0x136 ./Core/Src/gpio.o
 .debug_macro   0x000000000001469e      0x1bc ./Core/Src/gpio.o
 .debug_macro   0x000000000001485a       0x34 ./Core/Src/gpio.o
 .debug_macro   0x000000000001488e       0x3c ./Core/Src/gpio.o
 .debug_macro   0x00000000000148ca       0x57 ./Core/Src/gpio.o
 .debug_macro   0x0000000000014921       0x87 ./Core/Src/gpio.o
 .debug_macro   0x00000000000149a8      0x240 ./Core/Src/gpio.o
 .debug_macro   0x0000000000014be8      0x287 ./Core/Src/gpio.o
 .debug_macro   0x0000000000014e6f      0x140 ./Core/Src/gpio.o
 .debug_macro   0x0000000000014faf      0x217 ./Core/Src/gpio.o
 .debug_macro   0x00000000000151c6      0x28e ./Core/Src/gpio.o
 .debug_macro   0x0000000000015454       0x83 ./Core/Src/gpio.o
 .debug_macro   0x00000000000154d7       0x94 ./Core/Src/gpio.o
 .debug_macro   0x000000000001556b      0x1bb ./Core/Src/i2c.o
 .debug_macro   0x0000000000015726      0x37d ./Core/Src/keypad.o
 .debug_macro   0x0000000000015aa3       0x22 ./Core/Src/keypad.o
 .debug_macro   0x0000000000015ac5       0x52 ./Core/Src/keypad.o
 .debug_macro   0x0000000000015b17       0x18 ./Core/Src/keypad.o
 .debug_macro   0x0000000000015b2f       0x3c ./Core/Src/keypad.o
 .debug_macro   0x0000000000015b6b       0x34 ./Core/Src/keypad.o
 .debug_macro   0x0000000000015b9f       0x16 ./Core/Src/keypad.o
 .debug_macro   0x0000000000015bb5       0x35 ./Core/Src/keypad.o
 .debug_macro   0x0000000000015bea      0x341 ./Core/Src/keypad.o
 .debug_macro   0x0000000000015f2b       0x10 ./Core/Src/keypad.o
 .debug_macro   0x0000000000015f3b       0x16 ./Core/Src/keypad.o
 .debug_macro   0x0000000000015f51       0x43 ./Core/Src/keypad.o
 .debug_macro   0x0000000000015f94       0x34 ./Core/Src/keypad.o
 .debug_macro   0x0000000000015fc8       0x10 ./Core/Src/keypad.o
 .debug_macro   0x0000000000015fd8       0x58 ./Core/Src/keypad.o
 .debug_macro   0x0000000000016030       0x71 ./Core/Src/keypad.o
 .debug_macro   0x00000000000160a1       0x1c ./Core/Src/keypad.o
 .debug_macro   0x00000000000160bd      0x12a ./Core/Src/keypad.o
 .debug_macro   0x00000000000161e7       0x10 ./Core/Src/keypad.o
 .debug_macro   0x00000000000161f7       0x1c ./Core/Src/keypad.o
 .debug_macro   0x0000000000016213       0x52 ./Core/Src/keypad.o
 .debug_macro   0x0000000000016265       0x22 ./Core/Src/keypad.o
 .debug_macro   0x0000000000016287       0x10 ./Core/Src/keypad.o
 .debug_macro   0x0000000000016297       0x52 ./Core/Src/keypad.o
 .debug_macro   0x00000000000162e9       0xd5 ./Core/Src/keypad.o
 .debug_macro   0x00000000000163be       0x1c ./Core/Src/keypad.o
 .debug_macro   0x00000000000163da       0x3d ./Core/Src/keypad.o
 .debug_macro   0x0000000000016417       0x16 ./Core/Src/keypad.o
 .debug_macro   0x000000000001642d      0x145 ./Core/Src/keypad.o
 .debug_macro   0x0000000000016572       0x16 ./Core/Src/keypad.o
 .debug_macro   0x0000000000016588       0x16 ./Core/Src/keypad.o
 .debug_macro   0x000000000001659e       0x29 ./Core/Src/keypad.o
 .debug_macro   0x00000000000165c7       0x4c ./Core/Src/keypad.o
 .debug_macro   0x0000000000016613       0x9a ./Core/Src/keypad.o
 .debug_macro   0x00000000000166ad       0x40 ./Core/Src/keypad.o
 .debug_macro   0x00000000000166ed      0x384 ./Core/Src/lcd_i2c.o
 .debug_macro   0x0000000000016a71      0x3d3 ./Core/Src/main.o
 .debug_macro   0x0000000000016e44       0x10 ./Core/Src/main.o
 .debug_macro   0x0000000000016e54      0x22c ./Core/Src/main.o
 .debug_macro   0x0000000000017080       0x16 ./Core/Src/main.o
 .debug_macro   0x0000000000017096       0x46 ./Core/Src/main.o
 .debug_macro   0x00000000000170dc       0x46 ./Core/Src/main.o
 .debug_macro   0x0000000000017122      0x1ab ./Core/Src/mfrc522.o
 .debug_macro   0x00000000000172cd      0x387 ./Core/Src/module_sim.o
 .debug_macro   0x0000000000017654       0x10 ./Core/Src/module_sim.o
 .debug_macro   0x0000000000017664      0x3d2 ./Core/Src/password_handle.o
 .debug_macro   0x0000000000017a36      0x20c ./Core/Src/rfid_app.o
 .debug_macro   0x0000000000017c42       0x4c ./Core/Src/rfid_app.o
 .debug_macro   0x0000000000017c8e       0x94 ./Core/Src/rfid_app.o
 .debug_macro   0x0000000000017d22       0x57 ./Core/Src/rfid_app.o
 .debug_macro   0x0000000000017d79       0x97 ./Core/Src/rfid_app.o
 .debug_macro   0x0000000000017e10       0xfd ./Core/Src/rfid_app.o
 .debug_macro   0x0000000000017f0d      0x1bb ./Core/Src/spi.o
 .debug_macro   0x00000000000180c8      0x1b1 ./Core/Src/stm32f1xx_hal_msp.o
 .debug_macro   0x0000000000018279      0x1bb ./Core/Src/stm32f1xx_it.o
 .debug_macro   0x0000000000018434       0xff ./Core/Src/sysmem.o
 .debug_macro   0x0000000000018533      0x23b ./Core/Src/sysmem.o
 .debug_macro   0x000000000001876e      0x1a2 ./Core/Src/system_stm32f1xx.o
 .debug_macro   0x0000000000018910      0x1bb ./Core/Src/usart.o
 .debug_macro   0x0000000000018acb      0x1c6 ./Drivers/STM32F1xx_HAL_Driver/Src/stm32f1xx_hal.o
 .debug_macro   0x0000000000018c91      0x1a2 ./Drivers/STM32F1xx_HAL_Driver/Src/stm32f1xx_hal_cortex.o
 .debug_macro   0x0000000000018e33      0x1a2 ./Drivers/STM32F1xx_HAL_Driver/Src/stm32f1xx_hal_dma.o
 .debug_macro   0x0000000000018fd5      0x20d ./Drivers/STM32F1xx_HAL_Driver/Src/stm32f1xx_hal_gpio.o
 .debug_macro   0x00000000000191e2      0x1f0 ./Drivers/STM32F1xx_HAL_Driver/Src/stm32f1xx_hal_i2c.o
 .debug_macro   0x00000000000193d2      0x1b4 ./Drivers/STM32F1xx_HAL_Driver/Src/stm32f1xx_hal_rcc.o
 .debug_macro   0x0000000000019586      0x1aa ./Drivers/STM32F1xx_HAL_Driver/Src/stm32f1xx_hal_spi.o
 .debug_macro   0x0000000000019730      0x1a3 ./Drivers/STM32F1xx_HAL_Driver/Src/stm32f1xx_hal_uart.o

.debug_line     0x0000000000000000    0x13a1b
 .debug_line    0x0000000000000000      0x69a ./Core/Src/gpio.o
 .debug_line    0x000000000000069a      0x6d8 ./Core/Src/i2c.o
 .debug_line    0x0000000000000d72      0xb31 ./Core/Src/keypad.o
 .debug_line    0x00000000000018a3      0x9f0 ./Core/Src/lcd_i2c.o
 .debug_line    0x0000000000002293      0xa8b ./Core/Src/main.o
 .debug_line    0x0000000000002d1e      0xc5f ./Core/Src/mfrc522.o
 .debug_line    0x000000000000397d      0x921 ./Core/Src/module_sim.o
 .debug_line    0x000000000000429e     0x1017 ./Core/Src/password_handle.o
 .debug_line    0x00000000000052b5      0x7f8 ./Core/Src/rfid_app.o
 .debug_line    0x0000000000005aad      0x6ea ./Core/Src/spi.o
 .debug_line    0x0000000000006197      0x673 ./Core/Src/stm32f1xx_hal_msp.o
 .debug_line    0x000000000000680a      0x765 ./Core/Src/stm32f1xx_it.o
 .debug_line    0x0000000000006f6f      0x4ef ./Core/Src/sysmem.o
 .debug_line    0x000000000000745e      0x6f1 ./Core/Src/system_stm32f1xx.o
 .debug_line    0x0000000000007b4f      0x758 ./Core/Src/usart.o
 .debug_line    0x00000000000082a7       0x86 ./Core/Startup/startup_stm32f103c8tx.o
 .debug_line    0x000000000000832d      0x91e ./Drivers/STM32F1xx_HAL_Driver/Src/stm32f1xx_hal.o
 .debug_line    0x0000000000008c4b      0xb06 ./Drivers/STM32F1xx_HAL_Driver/Src/stm32f1xx_hal_cortex.o
 .debug_line    0x0000000000009751      0xd77 ./Drivers/STM32F1xx_HAL_Driver/Src/stm32f1xx_hal_dma.o
 .debug_line    0x000000000000a4c8      0x9b7 ./Drivers/STM32F1xx_HAL_Driver/Src/stm32f1xx_hal_gpio.o
 .debug_line    0x000000000000ae7f     0x3a84 ./Drivers/STM32F1xx_HAL_Driver/Src/stm32f1xx_hal_i2c.o
 .debug_line    0x000000000000e903      0xd2a ./Drivers/STM32F1xx_HAL_Driver/Src/stm32f1xx_hal_rcc.o
 .debug_line    0x000000000000f62d     0x1b9f ./Drivers/STM32F1xx_HAL_Driver/Src/stm32f1xx_hal_spi.o
 .debug_line    0x00000000000111cc     0x284f ./Drivers/STM32F1xx_HAL_Driver/Src/stm32f1xx_hal_uart.o

.debug_str      0x0000000000000000    0x87bdf
 .debug_str     0x0000000000000000    0x7f3ee ./Core/Src/gpio.o
                                      0x7f736 (size before relaxing)
 .debug_str     0x000000000007f3ee      0x49a ./Core/Src/i2c.o
                                      0x7fbf0 (size before relaxing)
 .debug_str     0x000000000007f888     0x40bd ./Core/Src/keypad.o
                                      0x837a3 (size before relaxing)
 .debug_str     0x0000000000083945       0xec ./Core/Src/lcd_i2c.o
                                      0x83bb1 (size before relaxing)
 .debug_str     0x0000000000083a31      0xe5d ./Core/Src/main.o
                                      0x84856 (size before relaxing)
 .debug_str     0x000000000008488e      0x406 ./Core/Src/mfrc522.o
                                      0x8044e (size before relaxing)
 .debug_str     0x0000000000084c94       0x2f ./Core/Src/module_sim.o
                                      0x83b09 (size before relaxing)
 .debug_str     0x0000000000084cc3      0x116 ./Core/Src/password_handle.o
                                      0x84344 (size before relaxing)
 .debug_str     0x0000000000084dd9       0x7a ./Core/Src/rfid_app.o
                                       0x7e6b (size before relaxing)
 .debug_str     0x0000000000084e53       0x4b ./Core/Src/spi.o
                                      0x7fb47 (size before relaxing)
 .debug_str     0x0000000000084e9e       0x5a ./Core/Src/stm32f1xx_hal_msp.o
                                      0x7f6be (size before relaxing)
 .debug_str     0x0000000000084ef8      0x101 ./Core/Src/stm32f1xx_it.o
                                      0x7fb27 (size before relaxing)
 .debug_str     0x0000000000084ff9      0x4da ./Core/Src/sysmem.o
                                       0x5d5e (size before relaxing)
 .debug_str     0x00000000000854d3       0x7e ./Core/Src/system_stm32f1xx.o
                                      0x7f50a (size before relaxing)
 .debug_str     0x0000000000085551      0x2fb ./Core/Src/usart.o
                                      0x7feb4 (size before relaxing)
 .debug_str     0x000000000008584c       0x36 ./Core/Startup/startup_stm32f103c8tx.o
                                         0x60 (size before relaxing)
 .debug_str     0x0000000000085882      0x37a ./Drivers/STM32F1xx_HAL_Driver/Src/stm32f1xx_hal.o
                                      0x7fc3d (size before relaxing)
 .debug_str     0x0000000000085bfc      0x294 ./Drivers/STM32F1xx_HAL_Driver/Src/stm32f1xx_hal_cortex.o
                                      0x7fb89 (size before relaxing)
 .debug_str     0x0000000000085e90      0x235 ./Drivers/STM32F1xx_HAL_Driver/Src/stm32f1xx_hal_dma.o
                                      0x7f8b3 (size before relaxing)
 .debug_str     0x00000000000860c5      0x2bd ./Drivers/STM32F1xx_HAL_Driver/Src/stm32f1xx_hal_gpio.o
                                      0x7f890 (size before relaxing)
 .debug_str     0x0000000000086382      0xb8f ./Drivers/STM32F1xx_HAL_Driver/Src/stm32f1xx_hal_i2c.o
                                      0x805d1 (size before relaxing)
 .debug_str     0x0000000000086f11      0x209 ./Drivers/STM32F1xx_HAL_Driver/Src/stm32f1xx_hal_rcc.o
                                      0x7f939 (size before relaxing)
 .debug_str     0x000000000008711a      0x50e ./Drivers/STM32F1xx_HAL_Driver/Src/stm32f1xx_hal_spi.o
                                      0x7fe36 (size before relaxing)
 .debug_str     0x0000000000087628      0x5b7 ./Drivers/STM32F1xx_HAL_Driver/Src/stm32f1xx_hal_uart.o
                                      0x7ffaa (size before relaxing)

.comment        0x0000000000000000       0x50
 .comment       0x0000000000000000       0x50 ./Core/Src/gpio.o
                                         0x51 (size before relaxing)
 .comment       0x0000000000000050       0x51 ./Core/Src/i2c.o
 .comment       0x0000000000000050       0x51 ./Core/Src/keypad.o
 .comment       0x0000000000000050       0x51 ./Core/Src/lcd_i2c.o
 .comment       0x0000000000000050       0x51 ./Core/Src/main.o
 .comment       0x0000000000000050       0x51 ./Core/Src/mfrc522.o
 .comment       0x0000000000000050       0x51 ./Core/Src/module_sim.o
 .comment       0x0000000000000050       0x51 ./Core/Src/password_handle.o
 .comment       0x0000000000000050       0x51 ./Core/Src/rfid_app.o
 .comment       0x0000000000000050       0x51 ./Core/Src/spi.o
 .comment       0x0000000000000050       0x51 ./Core/Src/stm32f1xx_hal_msp.o
 .comment       0x0000000000000050       0x51 ./Core/Src/stm32f1xx_it.o
 .comment       0x0000000000000050       0x51 ./Core/Src/sysmem.o
 .comment       0x0000000000000050       0x51 ./Core/Src/system_stm32f1xx.o
 .comment       0x0000000000000050       0x51 ./Core/Src/usart.o
 .comment       0x0000000000000050       0x51 ./Drivers/STM32F1xx_HAL_Driver/Src/stm32f1xx_hal.o
 .comment       0x0000000000000050       0x51 ./Drivers/STM32F1xx_HAL_Driver/Src/stm32f1xx_hal_cortex.o
 .comment       0x0000000000000050       0x51 ./Drivers/STM32F1xx_HAL_Driver/Src/stm32f1xx_hal_dma.o
 .comment       0x0000000000000050       0x51 ./Drivers/STM32F1xx_HAL_Driver/Src/stm32f1xx_hal_gpio.o
 .comment       0x0000000000000050       0x51 ./Drivers/STM32F1xx_HAL_Driver/Src/stm32f1xx_hal_i2c.o
 .comment       0x0000000000000050       0x51 ./Drivers/STM32F1xx_HAL_Driver/Src/stm32f1xx_hal_rcc.o
 .comment       0x0000000000000050       0x51 ./Drivers/STM32F1xx_HAL_Driver/Src/stm32f1xx_hal_spi.o
 .comment       0x0000000000000050       0x51 ./Drivers/STM32F1xx_HAL_Driver/Src/stm32f1xx_hal_uart.o

.debug_frame    0x0000000000000000     0x3bdc
 .debug_frame   0x0000000000000000       0x34 ./Core/Src/gpio.o
 .debug_frame   0x0000000000000034       0x74 ./Core/Src/i2c.o
 .debug_frame   0x00000000000000a8       0x5c ./Core/Src/keypad.o
 .debug_frame   0x0000000000000104      0x154 ./Core/Src/lcd_i2c.o
 .debug_frame   0x0000000000000258       0x90 ./Core/Src/main.o
 .debug_frame   0x00000000000002e8      0x324 ./Core/Src/mfrc522.o
 .debug_frame   0x000000000000060c       0xac ./Core/Src/module_sim.o
 .debug_frame   0x00000000000006b8      0x1a0 ./Core/Src/password_handle.o
 .debug_frame   0x0000000000000858       0x84 ./Core/Src/rfid_app.o
 .debug_frame   0x00000000000008dc       0x74 ./Core/Src/spi.o
 .debug_frame   0x0000000000000950       0x38 ./Core/Src/stm32f1xx_hal_msp.o
 .debug_frame   0x0000000000000988      0x13c ./Core/Src/stm32f1xx_it.o
 .debug_frame   0x0000000000000ac4       0x34 ./Core/Src/sysmem.o
 .debug_frame   0x0000000000000af8       0x58 ./Core/Src/system_stm32f1xx.o
 .debug_frame   0x0000000000000b50       0x90 ./Core/Src/usart.o
 .debug_frame   0x0000000000000be0      0x334 ./Drivers/STM32F1xx_HAL_Driver/Src/stm32f1xx_hal.o
 .debug_frame   0x0000000000000f14      0x428 ./Drivers/STM32F1xx_HAL_Driver/Src/stm32f1xx_hal_cortex.o
 .debug_frame   0x000000000000133c      0x208 ./Drivers/STM32F1xx_HAL_Driver/Src/stm32f1xx_hal_dma.o
 .debug_frame   0x0000000000001544      0x14c ./Drivers/STM32F1xx_HAL_Driver/Src/stm32f1xx_hal_gpio.o
 .debug_frame   0x0000000000001690      0xc84 ./Drivers/STM32F1xx_HAL_Driver/Src/stm32f1xx_hal_i2c.o
 .debug_frame   0x0000000000002314      0x218 ./Drivers/STM32F1xx_HAL_Driver/Src/stm32f1xx_hal_rcc.o
 .debug_frame   0x000000000000252c      0x824 ./Drivers/STM32F1xx_HAL_Driver/Src/stm32f1xx_hal_spi.o
 .debug_frame   0x0000000000002d50      0x944 ./Drivers/STM32F1xx_HAL_Driver/Src/stm32f1xx_hal_uart.o
 .debug_frame   0x0000000000003694       0x20 c:/st/stm32cubeide_1.8.0/stm32cubeide/plugins/com.st.stm32cube.ide.mcu.externaltools.gnu-tools-for-stm32.10.3-2021.10.win32_1.0.200.202301161003/tools/bin/../lib/gcc/arm-none-eabi/10.3.1/../../../../arm-none-eabi/lib/thumb/v7-m/nofp\libc_nano.a(lib_a-errno.o)
 .debug_frame   0x00000000000036b4       0x2c c:/st/stm32cubeide_1.8.0/stm32cubeide/plugins/com.st.stm32cube.ide.mcu.externaltools.gnu-tools-for-stm32.10.3-2021.10.win32_1.0.200.202301161003/tools/bin/../lib/gcc/arm-none-eabi/10.3.1/../../../../arm-none-eabi/lib/thumb/v7-m/nofp\libc_nano.a(lib_a-init.o)
 .debug_frame   0x00000000000036e0       0x28 c:/st/stm32cubeide_1.8.0/stm32cubeide/plugins/com.st.stm32cube.ide.mcu.externaltools.gnu-tools-for-stm32.10.3-2021.10.win32_1.0.200.202301161003/tools/bin/../lib/gcc/arm-none-eabi/10.3.1/../../../../arm-none-eabi/lib/thumb/v7-m/nofp\libc_nano.a(lib_a-memcpy-stub.o)
 .debug_frame   0x0000000000003708       0x20 c:/st/stm32cubeide_1.8.0/stm32cubeide/plugins/com.st.stm32cube.ide.mcu.externaltools.gnu-tools-for-stm32.10.3-2021.10.win32_1.0.200.202301161003/tools/bin/../lib/gcc/arm-none-eabi/10.3.1/../../../../arm-none-eabi/lib/thumb/v7-m/nofp\libc_nano.a(lib_a-memset.o)
 .debug_frame   0x0000000000003728       0x6c c:/st/stm32cubeide_1.8.0/stm32cubeide/plugins/com.st.stm32cube.ide.mcu.externaltools.gnu-tools-for-stm32.10.3-2021.10.win32_1.0.200.202301161003/tools/bin/../lib/gcc/arm-none-eabi/10.3.1/../../../../arm-none-eabi/lib/thumb/v7-m/nofp\libc_nano.a(lib_a-sprintf.o)
 .debug_frame   0x0000000000003794       0x28 c:/st/stm32cubeide_1.8.0/stm32cubeide/plugins/com.st.stm32cube.ide.mcu.externaltools.gnu-tools-for-stm32.10.3-2021.10.win32_1.0.200.202301161003/tools/bin/../lib/gcc/arm-none-eabi/10.3.1/../../../../arm-none-eabi/lib/thumb/v7-m/nofp\libc_nano.a(lib_a-strcat.o)
 .debug_frame   0x00000000000037bc       0x20 c:/st/stm32cubeide_1.8.0/stm32cubeide/plugins/com.st.stm32cube.ide.mcu.externaltools.gnu-tools-for-stm32.10.3-2021.10.win32_1.0.200.202301161003/tools/bin/../lib/gcc/arm-none-eabi/10.3.1/../../../../arm-none-eabi/lib/thumb/v7-m/nofp\libc_nano.a(lib_a-strcmp.o)
 .debug_frame   0x00000000000037dc       0x2c c:/st/stm32cubeide_1.8.0/stm32cubeide/plugins/com.st.stm32cube.ide.mcu.externaltools.gnu-tools-for-stm32.10.3-2021.10.win32_1.0.200.202301161003/tools/bin/../lib/gcc/arm-none-eabi/10.3.1/../../../../arm-none-eabi/lib/thumb/v7-m/nofp\libc_nano.a(lib_a-strstr.o)
 .debug_frame   0x0000000000003808       0x4c c:/st/stm32cubeide_1.8.0/stm32cubeide/plugins/com.st.stm32cube.ide.mcu.externaltools.gnu-tools-for-stm32.10.3-2021.10.win32_1.0.200.202301161003/tools/bin/../lib/gcc/arm-none-eabi/10.3.1/../../../../arm-none-eabi/lib/thumb/v7-m/nofp\libc_nano.a(lib_a-vsnprintf.o)
 .debug_frame   0x0000000000003854       0x90 c:/st/stm32cubeide_1.8.0/stm32cubeide/plugins/com.st.stm32cube.ide.mcu.externaltools.gnu-tools-for-stm32.10.3-2021.10.win32_1.0.200.202301161003/tools/bin/../lib/gcc/arm-none-eabi/10.3.1/../../../../arm-none-eabi/lib/thumb/v7-m/nofp\libc_nano.a(lib_a-nano-svfprintf.o)