../Core/Src/password_handle.c:26:6:set_key	16	static
../Core/Src/password_handle.c:88:6:man_hinh_cho	8	static
../Core/Src/password_handle.c:122:6:doi_pass	8	static
../Core/Src/password_handle.c:130:6:dong_cua	4	static
../Core/Src/password_handle.c:136:6:mo_cua	8	static
../Core/Src/password_handle.c:143:6:check_id	8	static
../Core/Src/password_handle.c:161:6:nhap_pass	8	static
../Core/Src/password_handle.c:167:6:xoa_tam	16	static
../Core/Src/password_handle.c:174:6:nhap_phim	24	static
../Core/Src/password_handle.c:420:6:old_pass	16	static
../Core/Src/password_handle.c:431:6:nhap_phim_cu	24	static
../Core/Src/password_handle.c:584:6:sim_manager	16	static
